#
# A fatal error has been detected by the Java Runtime Environment:
#
#  EXCEPTION_ACCESS_VIOLATION (0xc0000005) at pc=0x00007ffa47426fd4, pid=30520, tid=37372
#
# JRE version: OpenJDK Runtime Environment (26.0+35) (build 26+35-2893)
# Java VM: OpenJDK 64-Bit Server VM (26+35-2893, mixed mode, sharing, tiered, compressed oops, compressed class ptrs, g1 gc, windows-amd64)
# Problematic frame:
# C  [libasyncProfiler.dll+0x46fd4]
#
# No core dump will be written. Minidumps are not enabled by default on client versions of Windows
#
# If you would like to submit a bug report, please visit:
#   https://bugreport.java.com/bugreport/crash.jsp
# The crash happened outside the Java Virtual Machine in native code.
# See problematic frame for where to report the bug.
#

---------------  S U M M A R Y ------------

Command Line: --enable-preview -javaagent:C:\Program Files (x86)\IntelliJ IDEA Community Edition 2025.2\lib\idea_rt.jar=51679 -Dfile.encoding=UTF-8 -Dsun.stdout.encoding=UTF-8 -Dsun.stderr.encoding=UTF-8 com.carofly.game_server.GameServerApplication

Host: 13th Gen Intel(R) Core(TM) i5-13500H, 16 cores, 15G,  Windows 11 , 64 bit Build 26100 (10.0.26100.8328)
Time: Sun May 24 08:58:30 2026 India Standard Time elapsed time: 107.628814 seconds (0d 0h 1m 47s)

---------------  T H R E A D  ---------------

Current thread (0x00000205622c5ea0):  JavaThread "Attach Listener" daemon [_thread_in_native, id=37372, stack(0x0000001318900000,0x0000001318a00000) (1024K)]

Stack: [0x0000001318900000,0x0000001318a00000],  sp=0x00000013189ff460,  free space=1021k
Native frames: (J=compiled Java code, j=interpreted, Vv=VM code, C=native code)
C  [libasyncProfiler.dll+0x46fd4]  (no source info available)
C  [libasyncProfiler.dll+0x4a10c]  (no source info available)
C  [libasyncProfiler.dll+0x4fb2d]  (no source info available)
C  [libasyncProfiler.dll+0x4bd31]  (no source info available)
C  [libasyncProfiler.dll+0x47f86]  (no source info available)
C  [libasyncProfiler.dll+0x45ab7]  (no source info available)
C  [libasyncProfiler.dll+0x4b1ba]  (no source info available)
C  [libasyncProfiler.dll+0x81596]  (no source info available)
C  [libasyncProfiler.dll+0x7f84d]  (no source info available)
C  [libasyncProfiler.dll+0x7f6b3]  (no source info available)
C  [libasyncProfiler.dll+0x86aae]  (no source info available)
V  [jvm.dll+0x61c706]  (no source info available)
V  [jvm.dll+0x61d447]  (no source info available)
V  [jvm.dll+0x1a6787]  (no source info available)
V  [jvm.dll+0x1a8214]  (no source info available)
V  [jvm.dll+0x4a3f01]  (no source info available)
V  [jvm.dll+0x94f4e9]  (no source info available)
V  [jvm.dll+0x7d71f8]  (no source info available)
C  [ucrtbase.dll+0x37b0]  (no source info available)
C  [KERNEL32.DLL+0x2e957]  (no source info available)
C  [ntdll.dll+0x427c]  (no source info available)


siginfo: EXCEPTION_ACCESS_VIOLATION (0xc0000005), reading address 0x0000000000013cfd


Registers:
RAX=0x0000000001fffffd, RBX=0x0000000000013cfd, RCX=0x00000013189ff630, RDX=0x000002056b538ac8
RSP=0x00000013189ff460, RBP=0x00000013189ff630, RSI=0x000002056b538ac8, RDI=0x0000000000000000
R8 =0x0000000000013cfd, R9 =0x000002056b538a01, R10=0x000002056fd705e0, R11=0x000002056b538aa0
R12=0x000002056fd705c8, R13=0x000002056f251260, R14=0x0000000000013cfd, R15=0x0000000000000001
RIP=0x00007ffa47426fd4, EFLAGS=0x0000000000010202

XMM[0]=0x0000020500000001 0x000002056f1d7300
XMM[1]=0x73656c6946206d61 0x72676f72505c3a43
XMM[2]=0x6c6c642e6d766a5c 0x7265767265735c6e
XMM[3]=0x0000000000000000 0x0000000000000000
XMM[4]=0x0000000000000000 0x0000000000000000
XMM[5]=0x5c7265767265735c 0x6e69625c36322d6b
XMM[6]=0x0000000000000000 0x0000000000000000
XMM[7]=0x0000000000000000 0x0000000000000000
XMM[8]=0x0000000000000000 0x0000000000000000
XMM[9]=0x0000000000000000 0x0000000000000000
XMM[10]=0x0000000000000000 0x0000000000000000
XMM[11]=0x0000000000000000 0x0000000000000000
XMM[12]=0x0000000000000000 0x0000000000000000
XMM[13]=0x0000000000000000 0x0000000000000000
XMM[14]=0x0000000000000000 0x0000000000000000
XMM[15]=0x0000000000000000 0x0000000000000000
  MXCSR=0x00001fa0


Register to memory mapping:

RAX=0x0000000001fffffd is an unknown value
RBX=0x0000000000013cfd is an unknown value
RCX=0x00000013189ff630 is pointing into the stack for thread: 0x00000205622c5ea0
RDX=0x000002056b538ac8 points into unknown readable memory: 0x0000001b0097b101 | 01 b1 97 00 1b 00 00 00
RSP=0x00000013189ff460 is pointing into the stack for thread: 0x00000205622c5ea0
RBP=0x00000013189ff630 is pointing into the stack for thread: 0x00000205622c5ea0
RSI=0x000002056b538ac8 points into unknown readable memory: 0x0000001b0097b101 | 01 b1 97 00 1b 00 00 00
RDI=0x0 is null
R8 =0x0000000000013cfd is an unknown value
R9 =0x000002056b538a01 points into unknown readable memory: 00 53 00 54 00 45 00
R10=0x000002056fd705e0 points into unknown readable memory: 0x000000003f800000 | 00 00 80 3f 00 00 00 00
R11=0x000002056b538aa0 points into unknown readable memory: 0x000002056b677d10 | 10 7d 67 6b 05 02 00 00
R12=0x000002056fd705c8 points into unknown readable memory: 0x000002056b677d10 | 10 7d 67 6b 05 02 00 00
R13=0x000002056f251260 points into unknown readable memory: 0x0000000001fffffd | fd ff ff 01 00 00 00 00
R14=0x0000000000013cfd is an unknown value
R15=0x0000000000000001 is an unknown value

Top of Stack: (sp=0x00000013189ff460)
0x00000013189ff460:   0000000000000058 00007ffa4753e3ec   X.........SG....
0x00000013189ff470:   000002056f251250 000002056fd705c8   P.%o.......o....
0x00000013189ff480:   0000000000000000 000002056b538b28   ........(.Sk....
0x00000013189ff490:   0000000000000058 00007ffa474ca557   X.......W.LG....
0x00000013189ff4a0:   00000205420f0000 0000020500000000   ...B............
0x00000013189ff4b0:   000002056b677d10 00000013189ff630   .}gk....0.......
0x00000013189ff4c0:   000002056b538ac8 00007ffa4742a10c   ..Sk......BG....
0x00000013189ff4d0:   0000000000013cfd 0000000000000000   .<..............
0x00000013189ff4e0:   00000013189ff540 00000013189ff540   @.......@.......
0x00000013189ff4f0:   000002056fd705e0 00007ffa474309c8   ...o......CG....
0x00000013189ff500:   000002056f1d7300 0000020500000001   .s.o............
0x00000013189ff510:   000002056d40bc10 000002056f1d7300   ..@m.....s.o....
0x00000013189ff520:   0000020500000001 000000000000003e   ........>.......
0x00000013189ff530:   000000000000003f 000048d99ff105c7   ?............H..
0x00000013189ff540:   000002056f251260 0000000000000005   `.%o............
0x00000013189ff550:   0000020544658480 000002056f251208   ..eD......%o....
0x00000013189ff560:   000002056fc68040 00000013189ff6c0   @..o............
0x00000013189ff570:   000002056fc68040 00007ffa4742fb2d   @..o....-.BG....
0x00000013189ff580:   000002056cb8aa70 0000000000000000   p..l............
0x00000013189ff590:   0000000000001008 00000013189ff630   ........0.......
0x00000013189ff5a0:   000002056c0669f0 0000000000000004   .i.l............
0x00000013189ff5b0:   000048d99ff10417 00007ffa4750c587   .....H....PG....
0x00000013189ff5c0:   0000000000000000 00000013189ff6c0   ................
0x00000013189ff5d0:   0000020544658480 0000000000000000   ..eD............
0x00000013189ff5e0:   000002056fc68040 00000013189ff6d0   @..o............
0x00000013189ff5f0:   000002056fc68040 00007ffa4742bd31   @..o....1.BG....
0x00000013189ff600:   00007ffa473e21f8 0000000000000000   .!>G............
0x00000013189ff610:   00000013189ff630 00000013189ff6c0   0...............
0x00000013189ff620:   00000013189ff6d0 00007ffa00000000   ................
0x00000013189ff630:   000002056fd705c8 000002056bfaff40   ...o....@..k....
0x00000013189ff640:   000002056d40bc80 000002056c8b4900   ..@m.....I.l....
0x00000013189ff650:   0000020500000001 000002056c8b5910   .........Y.l....

Instructions: (pc=0x00007ffa47426fd4)
  0x00007ffa47426ed4:   08 8b 8b 6c 05 10 00 eb 06 8b 8b 68 05 10 00 48
  0x00007ffa47426ee4:   8d 57 04 e8 a9 d9 fb ff 85 c0 7e 0b 48 98 f0 48
  0x00007ffa47426ef4:   0f c1 83 f0 86 10 00 c7 07 00 00 00 00 48 8b 0d
  0x00007ffa47426f04:   18 71 1a 00 49 03 ce e8 31 b5 fb ff b9 ff ff ff
  0x00007ffa47426f14:   ff f0 0f c1 08 49 83 c6 04 48 81 c7 00 00 01 00
  0x00007ffa47426f24:   49 83 ed 01 0f 85 52 ff ff ff 4c 8b 74 24 20 4c
  0x00007ffa47426f34:   8b 6c 24 28 4c 8b 64 24 30 48 8b 7c 24 38 48 8b
  0x00007ffa47426f44:   74 24 40 48 8b 6c 24 68 48 83 c4 48 41 5f 5b c3
  0x00007ffa47426f54:   cc cc cc cc cc cc cc cc cc cc cc cc cc cc cc cc
  0x00007ffa47426f64:   cc cc cc cc cc cc cc cc cc cc cc cc cc cc cc cc
  0x00007ffa47426f74:   cc cc cc cc cc cc cc cc cc cc cc cc cc cc cc cc
  0x00007ffa47426f84:   cc cc cc cc cc cc cc cc cc cc cc cc cc cc cc cc
  0x00007ffa47426f94:   cc cc cc cc cc cc cc cc cc cc cc cc cc cc cc cc
  0x00007ffa47426fa4:   cc cc cc cc cc cc cc cc cc cc cc cc 48 89 6c 24
  0x00007ffa47426fb4:   20 56 41 56 41 57 48 83 ec 50 80 3d f4 71 1a 00
  0x00007ffa47426fc4:   00 45 0f b6 f9 4d 8b f0 48 8b f2 48 8b e9 74 26
=>0x00007ffa47426fd4:   49 8b 08 48 85 c9 74 0a e8 b6 a4 fb ff 48 85 c0
  0x00007ffa47426fe4:   75 14 32 c0 48 8b ac 24 88 00 00 00 48 83 c4 50
  0x00007ffa47426ff4:   41 5f 41 5e 5e c3 48 89 5c 24 70 4c 8d 4c 24 38
  0x00007ffa47427004:   48 89 7c 24 78 4c 8d 44 24 40 48 8b 3d 4b 71 1a
  0x00007ffa47427014:   00 49 8b d6 4c 89 a4 24 80 00 00 00 48 8b cf 45
  0x00007ffa47427024:   33 e4 4c 89 64 24 30 4c 89 64 24 48 4c 89 64 24
  0x00007ffa47427034:   40 4c 89 64 24 38 48 8b 07 4c 89 64 24 20 4c 8b
  0x00007ffa47427044:   90 f8 01 00 00 41 ff d2 85 c0 0f 85 7d 00 00 00
  0x00007ffa47427054:   48 8b 07 4c 8d 44 24 30 49 8b d6 48 8b cf 4c 8b
  0x00007ffa47427064:   88 00 02 00 00 41 ff d1 85 c0 75 61 48 8b 07 4c
  0x00007ffa47427074:   8d 44 24 48 48 8b 54 24 30 45 33 c9 48 8b cf 4c
  0x00007ffa47427084:   8b 90 78 01 00 00 41 ff d2 85 c0 75 40 48 8b 54
  0x00007ffa47427094:   24 48 49 c7 c0 ff ff ff ff 0f 1f 00 49 ff c0 46
  0x00007ffa474270a4:   38 24 02 75 f7 48 8b 4d 10 49 83 e8 02 48 ff c2
  0x00007ffa474270b4:   e8 14 cd fb ff 48 8b 54 24 40 48 8d 4d 28 89 46
  0x00007ffa474270c4:   08 e8 97 01 fc ff 48 8b 54 24 38 eb 2a 48 8b 4d


Stack slot to memory mapping:

stack at sp + 0 slots: 0x0000000000000058 is an unknown value
stack at sp + 1 slots: 0x00007ffa4753e3ec libasyncProfiler.dll
stack at sp + 2 slots: 0x000002056f251250 points into unknown readable memory: 0x00000000fffffff7 | f7 ff ff ff 00 00 00 00
stack at sp + 3 slots: 0x000002056fd705c8 points into unknown readable memory: 0x000002056b677d10 | 10 7d 67 6b 05 02 00 00
stack at sp + 4 slots: 0x0 is null
stack at sp + 5 slots: 0x000002056b538b28 points into unknown readable memory: 0x0000001a00000001 | 01 00 00 00 1a 00 00 00
stack at sp + 6 slots: 0x0000000000000058 is an unknown value
stack at sp + 7 slots: 0x00007ffa474ca557 libasyncProfiler.dll

Lock stack of current Java thread (top to bottom):


---------------  P R O C E S S  ---------------

Threads class SMR info:
_java_thread_list=0x000002056dd46fb0, length=21, elements={
0x00000205622be3b0, 0x00000205622becb0, 0x00000205622c2e40, 0x00000205622c5ea0,
0x00000205622c8a60, 0x00000205622d3630, 0x00000205622d9260, 0x00000205650f0090,
0x000002056531ed70, 0x0000020565898120, 0x000002056a1da0a0, 0x000002056c54d730,
0x000002056c3a2a80, 0x000002056c69dde0, 0x000002056c69fd20, 0x000002056aa0b6d0,
0x000002056aa0a6b0, 0x000002056aa0aec0, 0x000002056c6a04f0, 0x000002056a423340,
0x00000205622ce550
}

Java Threads: ( => current thread )
  0x00000205622be3b0 JavaThread "Reference Handler"          daemon [_thread_blocked, id=32172, stack(0x0000001318600000,0x0000001318700000) (1024K)]
  0x00000205622becb0 JavaThread "Finalizer"                  daemon [_thread_blocked, id=240, stack(0x0000001318700000,0x0000001318800000) (1024K)]
  0x00000205622c2e40 JavaThread "Signal Dispatcher"          daemon [_thread_blocked, id=37652, stack(0x0000001318800000,0x0000001318900000) (1024K)]
=>0x00000205622c5ea0 JavaThread "Attach Listener"            daemon [_thread_in_native, id=37372, stack(0x0000001318900000,0x0000001318a00000) (1024K)]
  0x00000205622c8a60 JavaThread "Service Thread"             daemon [_thread_blocked, id=37668, stack(0x0000001318a00000,0x0000001318b00000) (1024K)]
  0x00000205622d3630 JavaThread "Monitor Deflation Thread"   daemon [_thread_blocked, id=32212, stack(0x0000001318b00000,0x0000001318c00000) (1024K)]
  0x00000205622d9260 JavaThread "C2 CompilerThread0"         daemon [_thread_blocked, id=36928, stack(0x0000001318c00000,0x0000001318d00000) (1024K)]
  0x00000205650f0090 JavaThread "C1 CompilerThread0"         daemon [_thread_blocked, id=31848, stack(0x0000001318d00000,0x0000001318e00000) (1024K)]
  0x000002056531ed70 JavaThread "Common-Cleaner"             daemon [_thread_blocked, id=6236, stack(0x0000001319200000,0x0000001319300000) (1024K)]
  0x0000020565898120 JavaThread "Monitor Ctrl-Break"         daemon [_thread_in_native, id=30028, stack(0x0000001319600000,0x0000001319700000) (1024K)]
  0x000002056a1da0a0 JavaThread "Notification Thread"        daemon [_thread_blocked, id=29580, stack(0x0000001319700000,0x0000001319800000) (1024K)]
  0x000002056c54d730 JavaThread "mysql-cj-abandoned-connection-cleanup" daemon [_thread_blocked, id=24072, stack(0x000000131a200000,0x000000131a300000) (1024K)]
  0x000002056c3a2a80 JavaThread "HikariPool-1:housekeeper"   daemon [_thread_blocked, id=13588, stack(0x000000131a300000,0x000000131a400000) (1024K)]
  0x000002056c69dde0 JavaThread "keep-alive"                        [_thread_blocked, id=38136, stack(0x000000131a800000,0x000000131a900000) (1024K)]
  0x000002056c69fd20 JavaThread "DestroyJavaVM"                     [_thread_blocked, id=34556, stack(0x0000001317d00000,0x0000001317e00000) (1024K)]
  0x000002056aa0b6d0 JavaThread "C1 CompilerThread1"         daemon [_thread_blocked, id=23892, stack(0x0000001317a00000,0x0000001317b00000) (1024K)]
  0x000002056aa0a6b0 JavaThread "C1 CompilerThread2"         daemon [_thread_blocked, id=36904, stack(0x0000001317b00000,0x0000001317c00000) (1024K)]
  0x000002056aa0aec0 JavaThread "C1 CompilerThread3"         daemon [_thread_blocked, id=37368, stack(0x0000001317c00000,0x0000001317d00000) (1024K)]
  0x000002056c6a04f0 JavaThread "JFR Recorder Thread"        daemon [_thread_in_native, id=22772, stack(0x0000001318e00000,0x0000001318f00000) (1024K)]
  0x000002056a423340 JavaThread "JFR Periodic Tasks"         daemon [_thread_blocked, id=37980, stack(0x0000001319f00000,0x000000131a000000) (1024K)]
  0x00000205622ce550 JavaThread "InnocuousThread-1"          daemon [_thread_blocked, id=14012, stack(0x0000001318f00000,0x0000001319000000) (1024K)]
Total: 21

Other Threads:
  0x00000205622ac100 VMThread "VM Thread"                           [id=38496, stack(0x0000001318500000,0x0000001318600000) (1024K)]
  0x000002056229efb0 WatcherThread "VM Periodic Task Thread"        [id=32764, stack(0x0000001318400000,0x0000001318500000) (1024K)]
  0x000002054461b120 WorkerThread "GC Thread#0"                     [id=31588, stack(0x0000001317e00000,0x0000001317f00000) (1024K)]
  0x0000020565410c00 WorkerThread "GC Thread#1"                     [id=36020, stack(0x0000001319300000,0x0000001319400000) (1024K)]
  0x000002056a73c510 WorkerThread "GC Thread#2"                     [id=31368, stack(0x0000001319900000,0x0000001319a00000) (1024K)]
  0x000002056a888da0 WorkerThread "GC Thread#3"                     [id=30156, stack(0x0000001319a00000,0x0000001319b00000) (1024K)]
  0x000002056a94bc00 WorkerThread "GC Thread#4"                     [id=32720, stack(0x0000001319b00000,0x0000001319c00000) (1024K)]
  0x000002056aa12540 WorkerThread "GC Thread#5"                     [id=30280, stack(0x0000001319d00000,0x0000001319e00000) (1024K)]
  0x000002056aeec130 WorkerThread "GC Thread#6"                     [id=10768, stack(0x0000001319e00000,0x0000001319f00000) (1024K)]
  0x000002056abe8630 WorkerThread "GC Thread#7"                     [id=15556, stack(0x0000001319c00000,0x0000001319d00000) (1024K)]
  0x000002056bf82ac0 WorkerThread "GC Thread#8"                     [id=16508, stack(0x000000131a000000,0x000000131a100000) (1024K)]
  0x000002056bf83c00 WorkerThread "GC Thread#9"                     [id=31996, stack(0x000000131a100000,0x000000131a200000) (1024K)]
  0x000002056bb6e460 WorkerThread "GC Thread#10"                    [id=32264, stack(0x000000131a500000,0x000000131a600000) (1024K)]
  0x000002056bb720c0 WorkerThread "GC Thread#11"                    [id=27612, stack(0x000000131a600000,0x000000131a700000) (1024K)]
  0x000002056bb6f5a0 WorkerThread "GC Thread#12"                    [id=4916, stack(0x000000131a700000,0x000000131a800000) (1024K)]
  0x0000020562132010 ConcurrentGCThread "G1 Main Marker"            [id=27516, stack(0x0000001317f00000,0x0000001318000000) (1024K)]
  0x0000020562133940 WorkerThread "G1 Conc#0"                       [id=37324, stack(0x0000001318000000,0x0000001318100000) (1024K)]
  0x0000020565a771b0 WorkerThread "G1 Conc#1"                       [id=35184, stack(0x0000001319400000,0x0000001319500000) (1024K)]
  0x00000205655adbb0 WorkerThread "G1 Conc#2"                       [id=17716, stack(0x0000001319500000,0x0000001319600000) (1024K)]
  0x000002056216b4d0 WorkerThread "G1 Refinement Workers#0"         [id=23832, stack(0x0000001318200000,0x0000001318300000) (1024K)]
  0x000002056216a910 ConcurrentGCThread "G1 Refine Control"         [id=31320, stack(0x0000001318100000,0x0000001318200000) (1024K)]
  0x0000020562173f50 ConcurrentGCThread "G1 Service"                [id=14332, stack(0x0000001318300000,0x0000001318400000) (1024K)]
Total: 22

Threads with active compile tasks:
Total: 0

VM state: not at safepoint (normal execution)

VM Mutex/Monitor currently owned by a thread: None

Heap address: 0x0000000705c00000, size: 4004 MB, Compressed Oops mode: Zero based, Oop shift amount: 3

CDS archive(s) mapped at: [0x0000000016000000-0x0000000016de0000-0x0000000016de0000), size 14548992, SharedBaseAddress: 0x0000000016000000, ArchiveRelocationMode: 1.
Compressed class space mapped at: 0x0000000017000000-0x0000000057000000, reserved size: 1073741824
UseCompressedClassPointers 1, UseCompactObjectHeaders 0
Narrow klass pointer bits 32, Max shift 3
Narrow klass base: 0x0000000016000000, Narrow klass shift: 0
Encoding Range: [0x0000000016000000 - 0x0000000116000000), (4294967296 bytes)
Klass Range:    [0x0000000016000000 - 0x0000000057000000), (1090519040 bytes)
Klass ID Range:  [8 - 1090519033) (1090519025)
Protection zone: [0x0000000016000000 - 0x0000000016010000), (65536 bytes)

GC Precious Log:
 CardTable entry size: 512
 Card Set container configuration: InlinePtr #cards 4 size 8 Array Of Cards #cards 16 size 48 Howl #buckets 8 coarsen threshold 3686 Howl Bitmap #cards 512 size 80 coarsen threshold 460 Card regions per heap region 1 cards per card region 4096
 CPUs: 16 total, 16 available
 Memory: 16008M
 Large Page Support: Disabled
 NUMA Support: Disabled
 Compressed Oops: Enabled (Zero based)
 Heap Region Size: 2M
 Heap Min Capacity: 8M
 Heap Initial Capacity: 8M
 Heap Max Capacity: 4004M
 Pre-touch: Disabled
 Parallel Workers: 13
 Concurrent Workers: 3
 Concurrent Refinement Workers: 13
 Periodic GC: Disabled

Heap:
 garbage-first heap   total reserved 4100096K, committed 129024K, used 33569K [0x0000000705c00000, 0x0000000800000000)
  region size 2M, 1 eden (2M), 5 survivor (10M), 10 old (20M), 2 humongous (4M), 45 free (90M)

Heap Regions: E=young(eden), S=young(survivor), O=old, HS=humongous(starts), HC=humongous(continues), CS=collection set, F=free, TAMS=top-at-mark-start, PB=parsable bottom
|    0|0x0000000705c00000, 0x0000000705e00000, 0x0000000705e00000|100%| O|  |TAMS 0x0000000705c00000| PB 0x0000000705c00000| Untracked |  0
|    1|0x0000000705e00000, 0x0000000706000000, 0x0000000706000000|100%| O|  |TAMS 0x0000000705e00000| PB 0x0000000705e00000| Untracked |  0
|    2|0x0000000706000000, 0x0000000706200000, 0x0000000706200000|100%| O|  |TAMS 0x0000000706000000| PB 0x0000000706000000| Untracked |  0
|    3|0x0000000706200000, 0x0000000706400000, 0x0000000706400000|100%|HS|  |TAMS 0x0000000706200000| PB 0x0000000706200000| Complete  |  0
|    4|0x0000000706400000, 0x0000000706600000, 0x0000000706600000|100%|HC|  |TAMS 0x0000000706400000| PB 0x0000000706400000| Complete  |  0
|    5|0x0000000706600000, 0x0000000706800000, 0x0000000706800000|100%| O|  |TAMS 0x0000000706600000| PB 0x0000000706600000| Untracked |  0
|    6|0x0000000706800000, 0x0000000706a00000, 0x0000000706a00000|100%| O|  |TAMS 0x0000000706800000| PB 0x0000000706800000| Untracked |  0
|    7|0x0000000706a00000, 0x0000000706c00000, 0x0000000706c00000|100%| O|  |TAMS 0x0000000706a00000| PB 0x0000000706a00000| Untracked |  0
|    8|0x0000000706c00000, 0x0000000706e00000, 0x0000000706e00000|100%| O|  |TAMS 0x0000000706c00000| PB 0x0000000706c00000| Untracked |  0
|    9|0x0000000706e00000, 0x0000000706ec8628, 0x0000000707000000| 39%| O|  |TAMS 0x0000000706e00000| PB 0x0000000706e00000| Untracked |  0
|   10|0x0000000707000000, 0x0000000707000000, 0x0000000707200000|  0%| F|  |TAMS 0x0000000707000000| PB 0x0000000707000000| Untracked |  0
|   11|0x0000000707200000, 0x0000000707200000, 0x0000000707400000|  0%| F|  |TAMS 0x0000000707200000| PB 0x0000000707200000| Untracked |  0
|   12|0x0000000707400000, 0x0000000707400000, 0x0000000707600000|  0%| F|  |TAMS 0x0000000707400000| PB 0x0000000707400000| Untracked |  0
|   13|0x0000000707600000, 0x0000000707600000, 0x0000000707800000|  0%| F|  |TAMS 0x0000000707600000| PB 0x0000000707600000| Untracked |  0
|   14|0x0000000707800000, 0x0000000707800000, 0x0000000707a00000|  0%| F|  |TAMS 0x0000000707800000| PB 0x0000000707800000| Untracked |  0
|   15|0x0000000707a00000, 0x0000000707a00000, 0x0000000707c00000|  0%| F|  |TAMS 0x0000000707a00000| PB 0x0000000707a00000| Untracked |  0
|   16|0x0000000707c00000, 0x0000000707c00000, 0x0000000707e00000|  0%| F|  |TAMS 0x0000000707c00000| PB 0x0000000707c00000| Untracked |  0
|   17|0x0000000707e00000, 0x0000000707e00000, 0x0000000708000000|  0%| F|  |TAMS 0x0000000707e00000| PB 0x0000000707e00000| Untracked |  0
|   18|0x0000000708000000, 0x0000000708000000, 0x0000000708200000|  0%| F|  |TAMS 0x0000000708000000| PB 0x0000000708000000| Untracked |  0
|   19|0x0000000708200000, 0x0000000708400000, 0x0000000708400000|100%| S|CS|TAMS 0x0000000708200000| PB 0x0000000708200000| Complete  |  0
|   20|0x0000000708400000, 0x0000000708600000, 0x0000000708600000|100%| S|CS|TAMS 0x0000000708400000| PB 0x0000000708400000| Complete  |  0
|   21|0x0000000708600000, 0x0000000708800000, 0x0000000708800000|100%| S|CS|TAMS 0x0000000708600000| PB 0x0000000708600000| Complete  |  0
|   22|0x0000000708800000, 0x0000000708a00000, 0x0000000708a00000|100%| S|CS|TAMS 0x0000000708800000| PB 0x0000000708800000| Complete  |  0
|   23|0x0000000708a00000, 0x0000000708c00000, 0x0000000708c00000|100%| S|CS|TAMS 0x0000000708a00000| PB 0x0000000708a00000| Complete  |  0
|   24|0x0000000708c00000, 0x0000000708c00000, 0x0000000708e00000|  0%| F|  |TAMS 0x0000000708c00000| PB 0x0000000708c00000| Untracked |  0
|   25|0x0000000708e00000, 0x0000000708e00000, 0x0000000709000000|  0%| F|  |TAMS 0x0000000708e00000| PB 0x0000000708e00000| Untracked |  0
|   26|0x0000000709000000, 0x0000000709000000, 0x0000000709200000|  0%| F|  |TAMS 0x0000000709000000| PB 0x0000000709000000| Untracked |  0
|   27|0x0000000709200000, 0x0000000709200000, 0x0000000709400000|  0%| F|  |TAMS 0x0000000709200000| PB 0x0000000709200000| Untracked |  0
|   28|0x0000000709400000, 0x0000000709400000, 0x0000000709600000|  0%| F|  |TAMS 0x0000000709400000| PB 0x0000000709400000| Untracked |  0
|   29|0x0000000709600000, 0x0000000709600000, 0x0000000709800000|  0%| F|  |TAMS 0x0000000709600000| PB 0x0000000709600000| Untracked |  0
|   30|0x0000000709800000, 0x0000000709800000, 0x0000000709a00000|  0%| F|  |TAMS 0x0000000709800000| PB 0x0000000709800000| Untracked |  0
|   31|0x0000000709a00000, 0x0000000709a00000, 0x0000000709c00000|  0%| F|  |TAMS 0x0000000709a00000| PB 0x0000000709a00000| Untracked |  0
|   32|0x0000000709c00000, 0x0000000709c00000, 0x0000000709e00000|  0%| F|  |TAMS 0x0000000709c00000| PB 0x0000000709c00000| Untracked |  0
|   33|0x0000000709e00000, 0x0000000709e00000, 0x000000070a000000|  0%| F|  |TAMS 0x0000000709e00000| PB 0x0000000709e00000| Untracked |  0
|   34|0x000000070a000000, 0x000000070a000000, 0x000000070a200000|  0%| F|  |TAMS 0x000000070a000000| PB 0x000000070a000000| Untracked |  0
|   35|0x000000070a200000, 0x000000070a200000, 0x000000070a400000|  0%| F|  |TAMS 0x000000070a200000| PB 0x000000070a200000| Untracked |  0
|   36|0x000000070a400000, 0x000000070a400000, 0x000000070a600000|  0%| F|  |TAMS 0x000000070a400000| PB 0x000000070a400000| Untracked |  0
|   37|0x000000070a600000, 0x000000070a600000, 0x000000070a800000|  0%| F|  |TAMS 0x000000070a600000| PB 0x000000070a600000| Untracked |  0
|   38|0x000000070a800000, 0x000000070a800000, 0x000000070aa00000|  0%| F|  |TAMS 0x000000070a800000| PB 0x000000070a800000| Untracked |  0
|   39|0x000000070aa00000, 0x000000070aa00000, 0x000000070ac00000|  0%| F|  |TAMS 0x000000070aa00000| PB 0x000000070aa00000| Untracked |  0
|   40|0x000000070ac00000, 0x000000070ac00000, 0x000000070ae00000|  0%| F|  |TAMS 0x000000070ac00000| PB 0x000000070ac00000| Untracked |  0
|   41|0x000000070ae00000, 0x000000070ae00000, 0x000000070b000000|  0%| F|  |TAMS 0x000000070ae00000| PB 0x000000070ae00000| Untracked |  0
|   42|0x000000070b000000, 0x000000070b000000, 0x000000070b200000|  0%| F|  |TAMS 0x000000070b000000| PB 0x000000070b000000| Untracked |  0
|   43|0x000000070b200000, 0x000000070b200000, 0x000000070b400000|  0%| F|  |TAMS 0x000000070b200000| PB 0x000000070b200000| Untracked |  0
|   44|0x000000070b400000, 0x000000070b400000, 0x000000070b600000|  0%| F|  |TAMS 0x000000070b400000| PB 0x000000070b400000| Untracked |  0
|   45|0x000000070b600000, 0x000000070b600000, 0x000000070b800000|  0%| F|  |TAMS 0x000000070b600000| PB 0x000000070b600000| Untracked |  0
|   46|0x000000070b800000, 0x000000070b800000, 0x000000070ba00000|  0%| F|  |TAMS 0x000000070b800000| PB 0x000000070b800000| Untracked |  0
|   47|0x000000070ba00000, 0x000000070ba00000, 0x000000070bc00000|  0%| F|  |TAMS 0x000000070ba00000| PB 0x000000070ba00000| Untracked |  0
|   48|0x000000070bc00000, 0x000000070bc00000, 0x000000070be00000|  0%| F|  |TAMS 0x000000070bc00000| PB 0x000000070bc00000| Untracked |  0
|   49|0x000000070be00000, 0x000000070be00000, 0x000000070c000000|  0%| F|  |TAMS 0x000000070be00000| PB 0x000000070be00000| Untracked |  0
|   50|0x000000070c000000, 0x000000070c000000, 0x000000070c200000|  0%| F|  |TAMS 0x000000070c000000| PB 0x000000070c000000| Untracked |  0
|   51|0x000000070c200000, 0x000000070c200000, 0x000000070c400000|  0%| F|  |TAMS 0x000000070c200000| PB 0x000000070c200000| Untracked |  0
|   52|0x000000070c400000, 0x000000070c400000, 0x000000070c600000|  0%| F|  |TAMS 0x000000070c400000| PB 0x000000070c400000| Untracked |  0
|   53|0x000000070c600000, 0x000000070c600000, 0x000000070c800000|  0%| F|  |TAMS 0x000000070c600000| PB 0x000000070c600000| Untracked |  0
|   54|0x000000070c800000, 0x000000070c800000, 0x000000070ca00000|  0%| F|  |TAMS 0x000000070c800000| PB 0x000000070c800000| Untracked |  0
|   55|0x000000070ca00000, 0x000000070ca00000, 0x000000070cc00000|  0%| F|  |TAMS 0x000000070ca00000| PB 0x000000070ca00000| Untracked |  0
|   56|0x000000070cc00000, 0x000000070cc00000, 0x000000070ce00000|  0%| F|  |TAMS 0x000000070cc00000| PB 0x000000070cc00000| Untracked |  0
|   57|0x000000070ce00000, 0x000000070ce00000, 0x000000070d000000|  0%| F|  |TAMS 0x000000070ce00000| PB 0x000000070ce00000| Untracked |  0
|   58|0x000000070d000000, 0x000000070d000000, 0x000000070d200000|  0%| F|  |TAMS 0x000000070d000000| PB 0x000000070d000000| Untracked |  0
|   59|0x000000070d200000, 0x000000070d200000, 0x000000070d400000|  0%| F|  |TAMS 0x000000070d200000| PB 0x000000070d200000| Untracked |  0
| 1999|0x00000007ffa00000, 0x00000007ffc00000, 0x00000007ffc00000|100%| O|  |TAMS 0x00000007ffa00000| PB 0x00000007ffa00000| Untracked |  0
| 2000|0x00000007ffc00000, 0x00000007ffe00000, 0x00000007ffe00000|100%| O|  |TAMS 0x00000007ffc00000| PB 0x00000007ffc00000| Untracked |  0
| 2001|0x00000007ffe00000, 0x00000007fffa1bf0, 0x0000000800000000| 81%| E|CS|TAMS 0x00000007ffe00000| PB 0x00000007ffe00000| Complete  |  0

Card table byte_map: [0x000002055da80000,0x000002055e260000] _byte_map_base: 0x000002055a252000
Refinement table byte_map: [0x000002055d2a0000,0x000002055da80000] _byte_map_base: 0x0000020559a72000

Marking Bits: (CMBitMap*) 0x000002054461b8a0
 Bits: [0x000002055e260000, 0x00000205620f0000)

Polling page: 0x00000205420d0000

Metaspace:
Metaspace        used 51079K, committed 51520K, reserved 1114112K
 class space     used 7300K, committed 7488K, reserved 1048576K

Usage:
  Non-class:     42.75 MB used.
      Class:      7.13 MB used.
       Both:     49.88 MB used.

Virtual space:
  Non-class space:       64.00 MB reserved,      43.00 MB ( 67%) committed,  1 nodes.
      Class space:        1.00 GB reserved,       7.31 MB ( <1%) committed,  1 nodes.
             Both:        1.06 GB reserved,      50.31 MB (  5%) committed. 

Chunk freelists:
   Non-Class:  4.65 MB
       Class:  8.67 MB
        Both:  13.32 MB

MaxMetaspaceSize: unlimited
CompressedClassSpaceSize: 1.00 GB
Initial GC threshold: 21.00 MB
Current GC threshold: 58.69 MB
CDS: on
 - commit_granule_bytes: 65536.
 - commit_granule_words: 8192.
 - virtual_space_node_default_size: 8388608.
 - enlarge_chunks_in_place: 1.
UseCompressedClassPointers 1, UseCompactObjectHeaders 0
Narrow klass pointer bits 32, Max shift 3
Narrow klass base: 0x0000000016000000, Narrow klass shift: 0
Encoding Range: [0x0000000016000000 - 0x0000000116000000), (4294967296 bytes)
Klass Range:    [0x0000000016000000 - 0x0000000057000000), (1090519040 bytes)
Klass ID Range:  [8 - 1090519033) (1090519025)
Protection zone: [0x0000000016000000 - 0x0000000016010000), (65536 bytes)


Internal statistics:

num_allocs_failed_limit: 6.
num_arena_births: 522.
num_arena_deaths: 0.
num_vsnodes_births: 2.
num_vsnodes_deaths: 0.
num_space_committed: 805.
num_space_uncommitted: 0.
num_chunks_returned_to_freelist: 6.
num_chunks_taken_from_freelist: 2268.
num_chunk_merges: 6.
num_chunk_splits: 1688.
num_chunks_enlarged: 1401.
num_inconsistent_stats: 0.

CodeHeap 'non-profiled nmethods': size=119232Kb used=2247Kb max_used=2247Kb free=116984Kb
 bounds [0x0000020554dd0000, 0x0000020555040000, 0x000002055c240000]
CodeHeap 'profiled nmethods': size=119104Kb used=8069Kb max_used=8069Kb free=111034Kb
 bounds [0x000002054d240000, 0x000002054da30000, 0x0000020554690000]
CodeHeap 'non-nmethods': size=7424Kb used=3209Kb max_used=3465Kb free=4214Kb
 bounds [0x0000020554690000, 0x0000020554a00000, 0x0000020554dd0000]
CodeCache: size=245760Kb, used=13525Kb, max_used=13781Kb, free=232232Kb
 total_blobs=5647, nmethods=5007, adapters=541, full_count=0
Compilation: enabled, stopped_count=0, restarted_count=0

Compilation events (20 events):
Event: 107.592 Thread 0x00000205650f0090 5498       1       jdk.jfr.internal.Control::getDefaultValue (5 bytes)
Event: 107.592 Thread 0x000002056aa0aec0 5496       1       jdk.jfr.internal.settings.PeriodSetting::getValue (5 bytes)
Event: 107.592 Thread 0x000002056aa0aec0 nmethod 5496 0x0000020554ffea08 code [0x0000020554ffeb00, 0x0000020554ffebb8]
Event: 107.592 Thread 0x00000205650f0090 nmethod 5498 0x0000020554ffed08 code [0x0000020554ffee00, 0x0000020554ffeeb8]
Event: 107.592 Thread 0x000002056aa0a6b0 nmethod 5491 0x000002054da1f208 code [0x000002054da1f300, 0x000002054da1fbc8]
Event: 107.593 Thread 0x000002056aa0b6d0 nmethod 5495 0x000002054da1fc08 code [0x000002054da1fd00, 0x000002054da1fe18]
Event: 107.596 Thread 0x00000205622d9260 5505       4       jdk.internal.classfile.impl.SplitConstantPool::internalAdd (78 bytes)
Event: 107.596 Thread 0x000002056aa0b6d0 5506       3       jdk.internal.classfile.impl.RawBytecodeHelper::getIndex (25 bytes)
Event: 107.597 Thread 0x000002056aa0b6d0 nmethod 5506 0x000002054da1ff08 code [0x000002054da20000, 0x000002054da205a0]
Event: 107.597 Thread 0x00000205650f0090 5509       3       java.lang.classfile.ClassBuilder::withSuperclass (19 bytes)
Event: 107.597 Thread 0x00000205650f0090 nmethod 5509 0x000002054da20608 code [0x000002054da20700, 0x000002054da20ff0]
Event: 107.597 Thread 0x000002056aa0b6d0 5511       3       java.lang.invoke.MethodHandles$Lookup::makeHiddenClassDefiner (15 bytes)
Event: 107.597 Thread 0x00000205650f0090 5512       3       jdk.internal.classfile.impl.StackMapGenerator$Frame::popStack (35 bytes)
Event: 107.597 Thread 0x000002056aa0b6d0 nmethod 5511 0x000002054da21008 code [0x000002054da21100, 0x000002054da213a8]
Event: 107.598 Thread 0x00000205650f0090 nmethod 5512 0x000002054da21408 code [0x000002054da21500, 0x000002054da21740]
Event: 107.606 Thread 0x00000205622d9260 nmethod 5505 0x0000020555000808 code [0x0000020555000920, 0x00000205550017a8]
Event: 107.606 Thread 0x00000205622d9260 5513       4       jdk.internal.access.SharedSecrets::getJavaLangAccess (4 bytes)
Event: 107.606 Thread 0x00000205622d9260 nmethod 5513 0x0000020555001808 code [0x0000020555001900, 0x0000020555001960]
Event: 107.606 Thread 0x00000205622d9260 5510       4       java.lang.invoke.InvokerBytecodeGenerator::classDesc (88 bytes)
Event: 107.608 Thread 0x00000205622d9260 nmethod 5510 0x0000020555001b08 code [0x0000020555001c00, 0x0000020555001eb8]

GC Heap Usage History (20 events):
Event: 0.273 {heap Before GC invocations=3 (full 0):
 garbage-first heap   total reserved 4100096K, committed 12288K, used 9007K [0x0000000705c00000, 0x0000000800000000)
  region size 2M, 1 eden (2M), 1 survivor (2M), 3 old (6M), 0 humongous (0M), 1 free (2M)
}
Event: 0.275 {heap After GC invocations=4 (full 0):
 garbage-first heap   total reserved 4100096K, committed 43008K, used 8710K [0x0000000705c00000, 0x0000000800000000)
  region size 2M, 0 eden (0M), 1 survivor (2M), 4 old (8M), 0 humongous (0M), 16 free (32M)
}
Event: 0.522 {heap Before GC invocations=5 (full 0):
 garbage-first heap   total reserved 4100096K, committed 43008K, used 23046K [0x0000000705c00000, 0x0000000800000000)
  region size 2M, 6 eden (12M), 1 survivor (2M), 4 old (8M), 2 humongous (4M), 8 free (16M)
}
Event: 0.525 {heap After GC invocations=6 (full 0):
 garbage-first heap   total reserved 4100096K, committed 43008K, used 16488K [0x0000000705c00000, 0x0000000800000000)
  region size 2M, 0 eden (0M), 1 survivor (2M), 6 old (12M), 2 humongous (4M), 12 free (24M)
}
Event: 0.679 {heap Before GC invocations=6 (full 0):
 garbage-first heap   total reserved 4100096K, committed 43008K, used 22632K [0x0000000705c00000, 0x0000000800000000)
  region size 2M, 4 eden (8M), 1 survivor (2M), 6 old (12M), 2 humongous (4M), 8 free (16M)
}
Event: 0.684 {heap After GC invocations=7 (full 0):
 garbage-first heap   total reserved 4100096K, committed 43008K, used 17210K [0x0000000705c00000, 0x0000000800000000)
  region size 2M, 0 eden (0M), 1 survivor (2M), 7 old (14M), 2 humongous (4M), 11 free (22M)
}
Event: 0.824 {heap Before GC invocations=7 (full 0):
 garbage-first heap   total reserved 4100096K, committed 43008K, used 25402K [0x0000000705c00000, 0x0000000800000000)
  region size 2M, 4 eden (8M), 1 survivor (2M), 7 old (14M), 2 humongous (4M), 7 free (14M)
}
Event: 0.826 {heap After GC invocations=8 (full 0):
 garbage-first heap   total reserved 4100096K, committed 43008K, used 17796K [0x0000000705c00000, 0x0000000800000000)
  region size 2M, 0 eden (0M), 1 survivor (2M), 7 old (14M), 2 humongous (4M), 11 free (22M)
}
Event: 0.931 {heap Before GC invocations=8 (full 0):
 garbage-first heap   total reserved 4100096K, committed 43008K, used 28036K [0x0000000705c00000, 0x0000000800000000)
  region size 2M, 5 eden (10M), 1 survivor (2M), 7 old (14M), 2 humongous (4M), 6 free (12M)
}
Event: 0.934 {heap After GC invocations=9 (full 0):
 garbage-first heap   total reserved 4100096K, committed 43008K, used 18461K [0x0000000705c00000, 0x0000000800000000)
  region size 2M, 0 eden (0M), 1 survivor (2M), 7 old (14M), 2 humongous (4M), 11 free (22M)
}
Event: 1.028 {heap Before GC invocations=9 (full 0):
 garbage-first heap   total reserved 4100096K, committed 43008K, used 28701K [0x0000000705c00000, 0x0000000800000000)
  region size 2M, 5 eden (10M), 1 survivor (2M), 7 old (14M), 2 humongous (4M), 6 free (12M)
}
Event: 1.030 {heap After GC invocations=10 (full 0):
 garbage-first heap   total reserved 4100096K, committed 43008K, used 19443K [0x0000000705c00000, 0x0000000800000000)
  region size 2M, 0 eden (0M), 1 survivor (2M), 7 old (14M), 2 humongous (4M), 11 free (22M)
}
Event: 1.143 {heap Before GC invocations=10 (full 0):
 garbage-first heap   total reserved 4100096K, committed 43008K, used 29683K [0x0000000705c00000, 0x0000000800000000)
  region size 2M, 6 eden (12M), 1 survivor (2M), 7 old (14M), 2 humongous (4M), 5 free (10M)
}
Event: 1.147 {heap After GC invocations=11 (full 0):
 garbage-first heap   total reserved 4100096K, committed 129024K, used 20213K [0x0000000705c00000, 0x0000000800000000)
  region size 2M, 0 eden (0M), 1 survivor (2M), 7 old (14M), 2 humongous (4M), 53 free (106M)
}
Event: 1.690 {heap Before GC invocations=11 (full 0):
 garbage-first heap   total reserved 4100096K, committed 129024K, used 48885K [0x0000000705c00000, 0x0000000800000000)
  region size 2M, 16 eden (32M), 1 survivor (2M), 7 old (14M), 2 humongous (4M), 37 free (74M)
}
Event: 1.696 {heap After GC invocations=12 (full 0):
 garbage-first heap   total reserved 4100096K, committed 129024K, used 23732K [0x0000000705c00000, 0x0000000800000000)
  region size 2M, 0 eden (0M), 3 survivor (6M), 7 old (14M), 2 humongous (4M), 51 free (102M)
}
Event: 2.646 {heap Before GC invocations=13 (full 0):
 garbage-first heap   total reserved 4100096K, committed 129024K, used 79028K [0x0000000705c00000, 0x0000000800000000)
  region size 2M, 28 eden (56M), 3 survivor (6M), 7 old (14M), 2 humongous (4M), 23 free (46M)
}
Event: 2.653 {heap After GC invocations=14 (full 0):
 garbage-first heap   total reserved 4100096K, committed 129024K, used 28537K [0x0000000705c00000, 0x0000000800000000)
  region size 2M, 0 eden (0M), 5 survivor (10M), 7 old (14M), 2 humongous (4M), 49 free (98M)
}
Event: 103.955 {heap Before GC invocations=15 (full 0):
 garbage-first heap   total reserved 4100096K, committed 129024K, used 94073K [0x0000000705c00000, 0x0000000800000000)
  region size 2M, 32 eden (64M), 5 survivor (10M), 7 old (14M), 2 humongous (4M), 17 free (34M)
}
Event: 103.966 {heap After GC invocations=16 (full 0):
 garbage-first heap   total reserved 4100096K, committed 129024K, used 33569K [0x0000000705c00000, 0x0000000800000000)
  region size 2M, 0 eden (0M), 5 survivor (10M), 10 old (20M), 2 humongous (4M), 46 free (92M)
}

Metaspace Usage History (20 events):
Event: 0.273 {metaspace Before GC invocations=3 (full 0):
 Metaspace       used 498K, committed 704K, reserved 1114112K
  class space    used 9K, committed 128K, reserved 1048576K
}
Event: 0.275 {metaspace After GC invocations=4 (full 0):
 Metaspace       used 498K, committed 704K, reserved 1114112K
  class space    used 9K, committed 128K, reserved 1048576K
}
Event: 0.522 {metaspace Before GC invocations=5 (full 0):
 Metaspace       used 4289K, committed 4480K, reserved 1114112K
  class space    used 452K, committed 512K, reserved 1048576K
}
Event: 0.525 {metaspace After GC invocations=6 (full 0):
 Metaspace       used 4289K, committed 4480K, reserved 1114112K
  class space    used 452K, committed 512K, reserved 1048576K
}
Event: 0.679 {metaspace Before GC invocations=6 (full 0):
 Metaspace       used 6951K, committed 7104K, reserved 1114112K
  class space    used 810K, committed 896K, reserved 1048576K
}
Event: 0.684 {metaspace After GC invocations=7 (full 0):
 Metaspace       used 6951K, committed 7104K, reserved 1114112K
  class space    used 810K, committed 896K, reserved 1048576K
}
Event: 0.824 {metaspace Before GC invocations=7 (full 0):
 Metaspace       used 8575K, committed 8832K, reserved 1114112K
  class space    used 1032K, committed 1152K, reserved 1048576K
}
Event: 0.826 {metaspace After GC invocations=8 (full 0):
 Metaspace       used 8575K, committed 8832K, reserved 1114112K
  class space    used 1032K, committed 1152K, reserved 1048576K
}
Event: 0.932 {metaspace Before GC invocations=8 (full 0):
 Metaspace       used 11021K, committed 11328K, reserved 1114112K
  class space    used 1365K, committed 1536K, reserved 1048576K
}
Event: 0.934 {metaspace After GC invocations=9 (full 0):
 Metaspace       used 11021K, committed 11328K, reserved 1114112K
  class space    used 1365K, committed 1536K, reserved 1048576K
}
Event: 1.028 {metaspace Before GC invocations=9 (full 0):
 Metaspace       used 13928K, committed 14144K, reserved 1114112K
  class space    used 1729K, committed 1856K, reserved 1048576K
}
Event: 1.030 {metaspace After GC invocations=10 (full 0):
 Metaspace       used 13928K, committed 14144K, reserved 1114112K
  class space    used 1729K, committed 1856K, reserved 1048576K
}
Event: 1.143 {metaspace Before GC invocations=10 (full 0):
 Metaspace       used 16998K, committed 17280K, reserved 1114112K
  class space    used 2168K, committed 2304K, reserved 1048576K
}
Event: 1.147 {metaspace After GC invocations=11 (full 0):
 Metaspace       used 16998K, committed 17280K, reserved 1114112K
  class space    used 2168K, committed 2304K, reserved 1048576K
}
Event: 1.690 {metaspace Before GC invocations=11 (full 0):
 Metaspace       used 21194K, committed 21504K, reserved 1114112K
  class space    used 2661K, committed 2816K, reserved 1048576K
}
Event: 1.696 {metaspace After GC invocations=12 (full 0):
 Metaspace       used 21194K, committed 21504K, reserved 1114112K
  class space    used 2661K, committed 2816K, reserved 1048576K
}
Event: 2.646 {metaspace Before GC invocations=13 (full 0):
 Metaspace       used 35585K, committed 35968K, reserved 1114112K
  class space    used 4856K, committed 5056K, reserved 1048576K
}
Event: 2.653 {metaspace After GC invocations=14 (full 0):
 Metaspace       used 35585K, committed 35968K, reserved 1114112K
  class space    used 4856K, committed 5056K, reserved 1048576K
}
Event: 103.955 {metaspace Before GC invocations=15 (full 0):
 Metaspace       used 50970K, committed 51456K, reserved 1114112K
  class space    used 7280K, committed 7488K, reserved 1048576K
}
Event: 103.966 {metaspace After GC invocations=16 (full 0):
 Metaspace       used 50970K, committed 51456K, reserved 1114112K
  class space    used 7280K, committed 7488K, reserved 1048576K
}

Dll operation events (20 events):
Event: 0.186 Attempting to load shared library C:\Program Files (x86)\Java\jdk-26\bin\instrument.dll
Event: 0.186 Loaded shared library C:\Program Files (x86)\Java\jdk-26\bin\instrument.dll
Event: 0.189 Attempting to load shared library C:\Program Files (x86)\Java\jdk-26\bin\net.dll
Event: 0.189 Loaded shared library C:\Program Files (x86)\Java\jdk-26\bin\net.dll
Event: 0.190 Attempting to load shared library C:\Program Files (x86)\Java\jdk-26\bin\nio.dll
Event: 0.191 Loaded shared library C:\Program Files (x86)\Java\jdk-26\bin\nio.dll
Event: 0.193 Attempting to load shared library C:\Program Files (x86)\Java\jdk-26\bin\zip.dll
Event: 0.193 Loaded shared library C:\Program Files (x86)\Java\jdk-26\bin\zip.dll
Event: 0.318 Attempting to load shared library C:\Program Files (x86)\Java\jdk-26\bin\extnet.dll
Event: 0.319 Loaded shared library C:\Program Files (x86)\Java\jdk-26\bin\extnet.dll
Event: 0.333 Attempting to load shared library C:\Program Files (x86)\Java\jdk-26\bin\jimage.dll
Event: 0.333 Loaded shared library C:\Program Files (x86)\Java\jdk-26\bin\jimage.dll
Event: 3.543 Attempting to load shared library C:\Program Files (x86)\Java\jdk-26\bin\management.dll
Event: 3.543 Loaded shared library C:\Program Files (x86)\Java\jdk-26\bin\management.dll
Event: 3.545 Attempting to load shared library C:\Program Files (x86)\Java\jdk-26\bin\management_ext.dll
Event: 3.546 Loaded shared library C:\Program Files (x86)\Java\jdk-26\bin\management_ext.dll
Event: 103.633 Attempting to load shared library C:\Users\pmitt\AppData\Local\Temp\idea_libasyncProfiler_dll_temp_folder6\libasyncProfiler.dll
Event: 103.636 Loaded shared library C:\Users\pmitt\AppData\Local\Temp\idea_libasyncProfiler_dll_temp_folder6\libasyncProfiler.dll
Event: 107.575 Attempting to load shared library C:\Users\pmitt\AppData\Local\Temp\idea_libasyncProfiler_dll_temp_folder6\libasyncProfiler.dll
Event: 107.575 Loaded shared library C:\Users\pmitt\AppData\Local\Temp\idea_libasyncProfiler_dll_temp_folder6\libasyncProfiler.dll

Deoptimization events (20 events):
Event: 103.802 Thread 0x00000205622c5ea0 Uncommon trap: trap_request=0xffffffde fr.pc=0x0000020554fca270 relative=0x0000000000000070
Event: 103.802 Thread 0x00000205622c5ea0 Uncommon trap: reason=class_check action=maybe_recompile pc=0x0000020554fca270 method=jdk.jfr.EventSettings$InternalAccess.getType(Ljava/lang/Object;)Ljdk/jfr/internal/Type; @ 18 c2
Event: 103.802 Thread 0x00000205622c5ea0 DEOPT PACKING pc=0x0000020554fca270 sp=0x00000013189feb90
Event: 103.802 Thread 0x00000205622c5ea0 DEOPT UNPACKING pc=0x00000205547b2282 sp=0x00000013189feb28 mode 2
Event: 103.802 Thread 0x00000205622c5ea0 Uncommon trap: trap_request=0xffffffde fr.pc=0x0000020554fca270 relative=0x0000000000000070
Event: 103.802 Thread 0x00000205622c5ea0 Uncommon trap: reason=class_check action=maybe_recompile pc=0x0000020554fca270 method=jdk.jfr.EventSettings$InternalAccess.getType(Ljava/lang/Object;)Ljdk/jfr/internal/Type; @ 18 c2
Event: 103.802 Thread 0x00000205622c5ea0 DEOPT PACKING pc=0x0000020554fca270 sp=0x00000013189feb90
Event: 103.802 Thread 0x00000205622c5ea0 DEOPT UNPACKING pc=0x00000205547b2282 sp=0x00000013189feb28 mode 2
Event: 103.802 Thread 0x00000205622c5ea0 Uncommon trap: trap_request=0xffffffde fr.pc=0x0000020554fca270 relative=0x0000000000000070
Event: 103.802 Thread 0x00000205622c5ea0 Uncommon trap: reason=class_check action=maybe_recompile pc=0x0000020554fca270 method=jdk.jfr.EventSettings$InternalAccess.getType(Ljava/lang/Object;)Ljdk/jfr/internal/Type; @ 18 c2
Event: 103.802 Thread 0x00000205622c5ea0 DEOPT PACKING pc=0x0000020554fca270 sp=0x00000013189feb90
Event: 103.802 Thread 0x00000205622c5ea0 DEOPT UNPACKING pc=0x00000205547b2282 sp=0x00000013189feb28 mode 2
Event: 103.803 Thread 0x00000205622c5ea0 Uncommon trap: trap_request=0xffffffde fr.pc=0x0000020554fca270 relative=0x0000000000000070
Event: 103.803 Thread 0x00000205622c5ea0 Uncommon trap: reason=class_check action=maybe_recompile pc=0x0000020554fca270 method=jdk.jfr.EventSettings$InternalAccess.getType(Ljava/lang/Object;)Ljdk/jfr/internal/Type; @ 18 c2
Event: 103.803 Thread 0x00000205622c5ea0 DEOPT PACKING pc=0x0000020554fca270 sp=0x00000013189feb90
Event: 103.803 Thread 0x00000205622c5ea0 DEOPT UNPACKING pc=0x00000205547b2282 sp=0x00000013189feb28 mode 2
Event: 103.819 Thread 0x00000205622c5ea0 Uncommon trap: trap_request=0xffffff45 fr.pc=0x0000020554ec9728 relative=0x0000000000000328
Event: 103.819 Thread 0x00000205622c5ea0 Uncommon trap: reason=unstable_if action=reinterpret pc=0x0000020554ec9728 method=java.lang.invoke.MemberName.getMethodOrFieldType()Ljava/lang/invoke/MethodType; @ 16 c2
Event: 103.819 Thread 0x00000205622c5ea0 DEOPT PACKING pc=0x0000020554ec9728 sp=0x00000013189fe800
Event: 103.819 Thread 0x00000205622c5ea0 DEOPT UNPACKING pc=0x00000205547b2282 sp=0x00000013189fe7c8 mode 2

Classes loaded (20 events):
Event: 107.594 Loading class jdk/internal/misc/ExtendedMapMode
Event: 107.594 Loading class jdk/internal/misc/ExtendedMapMode done
Event: 107.594 Loading class sun/nio/ch/FileChannelImpl$DefaultUnmapper
Event: 107.594 Loading class sun/nio/ch/FileChannelImpl$Unmapper
Event: 107.595 Loading class jdk/internal/access/foreign/UnmapperProxy
Event: 107.595 Loading class jdk/internal/access/foreign/UnmapperProxy done
Event: 107.595 Loading class sun/nio/ch/FileChannelImpl$Unmapper done
Event: 107.595 Loading class sun/nio/ch/FileChannelImpl$DefaultUnmapper done
Event: 107.597 Loading class java/nio/BufferCleaner
Event: 107.598 Loading class java/nio/BufferCleaner done
Event: 107.598 Loading class java/nio/BufferCleaner$CleanerList
Event: 107.598 Loading class java/nio/BufferCleaner$CleanerList done
Event: 107.598 Loading class java/nio/BufferCleaner$CleanerList$Node
Event: 107.598 Loading class java/nio/BufferCleaner$CleanerList$Node done
Event: 107.598 Loading class java/nio/BufferCleaner$PhantomCleaner
Event: 107.598 Loading class sun/nio/Cleaner
Event: 107.598 Loading class sun/nio/Cleaner done
Event: 107.598 Loading class java/nio/BufferCleaner$PhantomCleaner done
Event: 107.598 Loading class java/nio/BufferCleaner$CleaningRunnable
Event: 107.598 Loading class java/nio/BufferCleaner$CleaningRunnable done

Classes unloaded (0 events):
No events

Classes redefined (0 events):
No events

Internal exceptions (20 events):
Event: 3.062 Thread 0x000002054214a480 Exception <a 'java/lang/IncompatibleClassChangeError'{0x000000070bb53430}: Found class java.lang.Object, but interface was expected> (0x000000070bb53430) 
thrown [s\open\src\hotspot\share\interpreter\linkResolver.cpp, line 871]
Event: 3.082 Thread 0x000002054214a480 Exception <a 'java/lang/NoSuchMethodError'{0x000000070b83ed08}: 'java.lang.Object java.lang.invoke.DirectMethodHandle$Holder.invokeStatic(java.lang.Object, java.lang.Object, int, java.lang.Object)'> (0x000000070b83ed08) 
thrown [s\open\src\hotspot\share\interpreter\linkResolver.cpp, line 804]
Event: 3.082 Thread 0x000002054214a480 Exception <a 'java/lang/NoSuchMethodError'{0x000000070b846ee0}: 'java.lang.Object java.lang.invoke.DirectMethodHandle$Holder.invokeStaticInit(java.lang.Object, java.lang.Object, int, java.lang.Object)'> (0x000000070b846ee0) 
thrown [s\open\src\hotspot\share\interpreter\linkResolver.cpp, line 804]
Event: 3.312 Thread 0x000002054214a480 Exception <a 'java/lang/NoSuchMethodError'{0x000000070acc5138}: 'java.lang.Object java.lang.invoke.DirectMethodHandle$Holder.invokeVirtual(java.lang.Object, java.lang.Object, java.lang.Object, int)'> (0x000000070acc5138) 
thrown [s\open\src\hotspot\share\interpreter\linkResolver.cpp, line 804]
Event: 3.358 Thread 0x000002054214a480 Exception <a 'java/lang/NoSuchMethodError'{0x000000070ab4e230}: 'void java.lang.invoke.DirectMethodHandle$Holder.invokeSpecial(java.lang.Object, java.lang.Object, java.lang.Object, java.lang.Object, java.lang.Object, java.lang.Object, java.lang.Object)'> (0x000000070ab4e230) 
thrown [s\open\src\hotspot\share\interpreter\linkResolver.cpp, line 804]
Event: 3.382 Thread 0x000002054214a480 Exception <a 'java/lang/IncompatibleClassChangeError'{0x000000070a8554b8}: Found class java.lang.Object, but interface was expected> (0x000000070a8554b8) 
thrown [s\open\src\hotspot\share\interpreter\linkResolver.cpp, line 871]
Event: 3.403 Thread 0x000002054214a480 Implicit null exception at 0x0000020554efd1a5 to 0x0000020554efd2ec
Event: 3.497 Thread 0x000002054214a480 Exception <a 'java/lang/NoSuchMethodError'{0x000000070a54ae48}: 'int java.lang.invoke.DirectMethodHandle$Holder.invokeStatic(java.lang.Object, java.lang.Object, java.lang.Object, java.lang.Object, java.lang.Object)'> (0x000000070a54ae48) 
thrown [s\open\src\hotspot\share\interpreter\linkResolver.cpp, line 804]
Event: 3.522 Thread 0x000002054214a480 Exception <a 'java/lang/NoSuchMethodError'{0x000000070a28ae20}: 'java.lang.Object java.lang.invoke.DirectMethodHandle$Holder.newInvokeSpecial(java.lang.Object, java.lang.Object, int, java.lang.Object, java.lang.Object)'> (0x000000070a28ae20) 
thrown [s\open\src\hotspot\share\interpreter\linkResolver.cpp, line 804]
Event: 3.522 Thread 0x000002054214a480 Exception <a 'java/lang/NoSuchMethodError'{0x000000070a29afe8}: 'java.lang.Object java.lang.invoke.Invokers$Holder.linkToTargetMethod(java.lang.Object, int, java.lang.Object, java.lang.Object, java.lang.Object)'> (0x000000070a29afe8) 
thrown [s\open\src\hotspot\share\interpreter\linkResolver.cpp, line 804]
Event: 3.523 Thread 0x000002054214a480 Exception <a 'java/lang/NoSuchMethodError'{0x000000070a2ab4a0}: 'java.lang.Object java.lang.invoke.DirectMethodHandle$Holder.newInvokeSpecial(java.lang.Object, java.lang.Object, java.lang.Object, int)'> (0x000000070a2ab4a0) 
thrown [s\open\src\hotspot\share\interpreter\linkResolver.cpp, line 804]
Event: 3.523 Thread 0x000002054214a480 Exception <a 'java/lang/NoSuchMethodError'{0x000000070a2b3468}: 'java.lang.Object java.lang.invoke.Invokers$Holder.linkToTargetMethod(java.lang.Object, java.lang.Object, int, java.lang.Object)'> (0x000000070a2b3468) 
thrown [s\open\src\hotspot\share\interpreter\linkResolver.cpp, line 804]
Event: 103.756 Thread 0x00000205622c5ea0 Exception <a 'java/lang/NoSuchMethodError'{0x0000000709ff7828}: 'long java.lang.invoke.DirectMethodHandle$Holder.invokeVirtual(java.lang.Object, java.lang.Object)'> (0x0000000709ff7828) 
thrown [s\open\src\hotspot\share\interpreter\linkResolver.cpp, line 804]
Event: 103.819 Thread 0x00000205622c5ea0 Exception <a 'java/lang/NoSuchMethodError'{0x00000007098485f8}: 'void java.lang.invoke.DirectMethodHandle$Holder.invokeSpecial(java.lang.Object, java.lang.Object, int)'> (0x00000007098485f8) 
thrown [s\open\src\hotspot\share\interpreter\linkResolver.cpp, line 804]
Event: 103.820 Thread 0x00000205622c5ea0 Exception <a 'java/lang/NoSuchMethodError'{0x0000000709850240}: 'void java.lang.invoke.Invokers$Holder.invokeExact_MT(java.lang.Object, int, java.lang.Object)'> (0x0000000709850240) 
thrown [s\open\src\hotspot\share\interpreter\linkResolver.cpp, line 804]
Event: 103.824 Thread 0x00000205622c5ea0 Exception <a 'sun/nio/fs/WindowsException'{0x0000000709877bf8}> (0x0000000709877bf8) 
thrown [s\open\src\hotspot\share\prims\jni.cpp, line 514]
Event: 103.826 Thread 0x00000205622c5ea0 Exception <a 'sun/nio/fs/WindowsException'{0x000000070987d5e0}> (0x000000070987d5e0) 
thrown [s\open\src\hotspot\share\prims\jni.cpp, line 514]
Event: 103.828 Thread 0x00000205622c5ea0 Exception <a 'sun/nio/fs/WindowsException'{0x000000070987fee8}> (0x000000070987fee8) 
thrown [s\open\src\hotspot\share\prims\jni.cpp, line 514]
Event: 107.595 Thread 0x00000205622c5ea0 Exception <a 'java/lang/NoSuchMethodError'{0x00000007ffe60bd0}: 'long java.lang.invoke.DelegatingMethodHandle$Holder.reinvoke_L(java.lang.Object, java.lang.Object, int)'> (0x00000007ffe60bd0) 
thrown [s\open\src\hotspot\share\interpreter\linkResolver.cpp, line 804]
Event: 107.596 Thread 0x00000205622c5ea0 Exception <a 'java/lang/NoSuchMethodError'{0x00000007ffe78e98}: 'java.lang.Object java.lang.invoke.DelegatingMethodHandle$Holder.reinvoke_L(java.lang.Object, int, long, java.lang.Object, java.lang.Object, int, java.lang.Object)'> (0x00000007ffe78e98) 
thrown [s\open\src\hotspot\share\interpreter\linkResolver.cpp, line 804]

VM Operations (20 events):
Event: 3.277 Executing non-safepoint VM operation: HandshakeAllThreads (Deoptimize)
Event: 3.277 Executing non-safepoint VM operation: HandshakeAllThreads (Deoptimize) done
Event: 3.308 Executing non-safepoint VM operation: HandshakeAllThreads (Deoptimize)
Event: 3.308 Executing non-safepoint VM operation: HandshakeAllThreads (Deoptimize) done
Event: 3.350 Executing non-safepoint VM operation: HandshakeAllThreads (Deoptimize)
Event: 3.350 Executing non-safepoint VM operation: HandshakeAllThreads (Deoptimize) done
Event: 3.531 Executing non-safepoint VM operation: HandshakeAllThreads (Deoptimize)
Event: 3.531 Executing non-safepoint VM operation: HandshakeAllThreads (Deoptimize) done
Event: 3.551 Executing non-safepoint VM operation: HandshakeAllThreads (Deoptimize)
Event: 3.551 Executing non-safepoint VM operation: HandshakeAllThreads (Deoptimize) done
Event: 60.079 Executing non-safepoint VM operation: HandshakeAllThreads (DeflationHandshakeClosure)
Event: 60.079 Executing non-safepoint VM operation: HandshakeAllThreads (DeflationHandshakeClosure) done
Event: 60.079 Executing non-safepoint VM operation: RendezvousGCThreads
Event: 60.079 Executing non-safepoint VM operation: RendezvousGCThreads done
Event: 103.851 Executing safepoint VM operation: JFRSafepointClear
Event: 103.851 Executing safepoint VM operation: JFRSafepointClear done
Event: 103.955 Executing safepoint VM operation: G1CollectForAllocation (G1 Evacuation Pause)
Event: 103.966 Executing safepoint VM operation: G1CollectForAllocation (G1 Evacuation Pause) done
Event: 107.590 Executing safepoint VM operation: JFRSafepointWrite
Event: 107.590 Executing safepoint VM operation: JFRSafepointWrite done

Memory protections (0 events):
No events

Nmethod flushes (20 events):
Event: 2.663 Thread 0x00000205622ac100 flushing  nmethod 0x000002054d61e408
Event: 2.663 Thread 0x00000205622ac100 flushing  nmethod 0x000002054d61ee88
Event: 2.663 Thread 0x00000205622ac100 flushing  nmethod 0x000002054d620408
Event: 2.663 Thread 0x00000205622ac100 flushing  nmethod 0x000002054d635e08
Event: 2.663 Thread 0x00000205622ac100 flushing  nmethod 0x000002054d644c08
Event: 2.663 Thread 0x00000205622ac100 flushing  nmethod 0x000002054d646788
Event: 2.663 Thread 0x00000205622ac100 flushing  nmethod 0x000002054d649488
Event: 2.663 Thread 0x00000205622ac100 flushing  nmethod 0x000002054d649c08
Event: 2.663 Thread 0x00000205622ac100 flushing  nmethod 0x000002054d64ad88
Event: 2.663 Thread 0x00000205622ac100 flushing  nmethod 0x000002054d64ca08
Event: 2.663 Thread 0x00000205622ac100 flushing  nmethod 0x000002054d64e308
Event: 2.663 Thread 0x00000205622ac100 flushing  nmethod 0x000002054d69d588
Event: 2.663 Thread 0x00000205622ac100 flushing  nmethod 0x000002054d6ebd08
Event: 2.663 Thread 0x00000205622ac100 flushing  nmethod 0x000002054d6fdb08
Event: 2.663 Thread 0x00000205622ac100 flushing  nmethod 0x000002054d700288
Event: 2.663 Thread 0x00000205622ac100 flushing  nmethod 0x000002054d701108
Event: 2.663 Thread 0x00000205622ac100 flushing  nmethod 0x000002054d716708
Event: 2.663 Thread 0x00000205622ac100 flushing  nmethod 0x000002054d754008
Event: 2.663 Thread 0x00000205622ac100 flushing  nmethod 0x000002054d754d88
Event: 2.663 Thread 0x00000205622ac100 flushing  nmethod 0x000002054d7dff08

Events (20 events):
Event: 13.556 Thread 0x000002056aa09690 Thread exited: 0x000002056aa09690
Event: 18.557 Thread 0x000002056aa045f0 Thread exited: 0x000002056aa045f0
Event: 103.691 Thread 0x00000205650f0090 Thread added: 0x000002056aa0b6d0
Event: 103.692 Thread 0x00000205650f0090 Thread added: 0x000002056aa0a6b0
Event: 103.692 Thread 0x000002056aa0a6b0 Thread added: 0x000002056aa0aec0
Event: 103.716 Thread 0x00000205622c5ea0 Thread added: 0x000002056c6a04f0
Event: 103.746 Thread 0x00000205650f0090 Thread added: 0x000002056a0a4c70
Event: 103.753 Thread 0x00000205650f0090 Thread added: 0x000002056a0a64a0
Event: 103.770 Thread 0x000002056a0a64a0 Thread added: 0x000002056a0a6cb0
Event: 103.770 Thread 0x000002056a0a64a0 Thread added: 0x000002056a0a5480
Event: 103.822 Thread 0x00000205622c5ea0 Thread added: 0x000002056a423340
Event: 103.955 Thread 0x000002056ea82830 Thread added: 0x000002056ea82830
Event: 103.966 Thread 0x00000205622c5ea0 Thread added: 0x000002056d3f88f0
Event: 107.584 Thread 0x000002056ea82830 Thread exited: 0x000002056ea82830
Event: 107.585 Thread 0x000002056d3f88f0 Thread exited: 0x000002056d3f88f0
Event: 107.592 Thread 0x000002056a0a5480 Thread exited: 0x000002056a0a5480
Event: 107.592 Thread 0x000002056a0a6cb0 Thread exited: 0x000002056a0a6cb0
Event: 107.592 Thread 0x000002056a0a64a0 Thread exited: 0x000002056a0a64a0
Event: 107.592 Thread 0x000002056a0a4c70 Thread exited: 0x000002056a0a4c70
Event: 107.598 Thread 0x00000205622c5ea0 Thread added: 0x00000205622ce550


Dynamic libraries:
0x00007ff61a500000 - 0x00007ff61a50e000 	C:\Program Files (x86)\Java\jdk-26\bin\java.exe
0x00007ffad99a0000 - 0x00007ffad9c07000 	C:\WINDOWS\SYSTEM32\ntdll.dll
0x00007ffaa3780000 - 0x00007ffaa37a1000 	C:\Program Files\Avast Software\Avast\aswhook.dll
0x00007ffad8f50000 - 0x00007ffad9019000 	C:\WINDOWS\System32\KERNEL32.DLL
0x00007ffad6810000 - 0x00007ffad6c07000 	C:\WINDOWS\System32\KERNELBASE.dll
0x00007ffad6600000 - 0x00007ffad674b000 	C:\WINDOWS\System32\ucrtbase.dll
0x00007ffab1340000 - 0x00007ffab135e000 	C:\Program Files (x86)\Java\jdk-26\bin\VCRUNTIME140.dll
0x00007ffac1770000 - 0x00007ffac1787000 	C:\Program Files (x86)\Java\jdk-26\bin\jli.dll
0x00007ffad7e80000 - 0x00007ffad8046000 	C:\WINDOWS\System32\USER32.dll
0x00007ffad7660000 - 0x00007ffad7687000 	C:\WINDOWS\System32\win32u.dll
0x00007ffad8f10000 - 0x00007ffad8f3b000 	C:\WINDOWS\System32\GDI32.dll
0x00007ffad6c10000 - 0x00007ffad6d3c000 	C:\WINDOWS\System32\gdi32full.dll
0x00007ffab3bd0000 - 0x00007ffab3e62000 	C:\WINDOWS\WinSxS\amd64_microsoft.windows.common-controls_6595b64144ccf1df_6.0.26100.8457_none_3e0b2faee331e92d\COMCTL32.dll
0x00007ffad75b0000 - 0x00007ffad7653000 	C:\WINDOWS\System32\msvcp_win.dll
0x00007ffad90d0000 - 0x00007ffad9179000 	C:\WINDOWS\System32\msvcrt.dll
0x00007ffad9860000 - 0x00007ffad9892000 	C:\WINDOWS\System32\IMM32.DLL
0x00007ffac4950000 - 0x00007ffac495c000 	C:\Program Files (x86)\Java\jdk-26\bin\vcruntime140_1.dll
0x00007ffa9fad0000 - 0x00007ffa9fb5d000 	C:\Program Files (x86)\Java\jdk-26\bin\msvcp140.dll
0x00007ffa37110000 - 0x00007ffa37fde000 	C:\Program Files (x86)\Java\jdk-26\bin\server\jvm.dll
0x00007ffad98a0000 - 0x00007ffad9956000 	C:\WINDOWS\System32\ADVAPI32.dll
0x00007ffad8050000 - 0x00007ffad80f7000 	C:\WINDOWS\System32\sechost.dll
0x00007ffad9280000 - 0x00007ffad9398000 	C:\WINDOWS\System32\RPCRT4.dll
0x00007ffad8260000 - 0x00007ffad82e0000 	C:\WINDOWS\System32\WS2_32.dll
0x00007ffad6230000 - 0x00007ffad628e000 	C:\WINDOWS\SYSTEM32\POWRPROF.dll
0x00007ffacaa10000 - 0x00007ffacaa46000 	C:\WINDOWS\SYSTEM32\WINMM.dll
0x00007ffaca6c0000 - 0x00007ffaca6cb000 	C:\WINDOWS\SYSTEM32\VERSION.dll
0x00007ffad6210000 - 0x00007ffad6224000 	C:\WINDOWS\SYSTEM32\UMPDC.dll
0x00007ffad5160000 - 0x00007ffad517b000 	C:\WINDOWS\SYSTEM32\kernel.appcore.dll
0x00007ffab5670000 - 0x00007ffab567a000 	C:\Program Files (x86)\Java\jdk-26\bin\jimage.dll
0x00007ffad4300000 - 0x00007ffad4542000 	C:\WINDOWS\SYSTEM32\DBGHELP.DLL
0x00007ffad94d0000 - 0x00007ffad9853000 	C:\WINDOWS\System32\combase.dll
0x00007ffad7930000 - 0x00007ffad7a09000 	C:\WINDOWS\System32\OLEAUT32.dll
0x00007ffac2d10000 - 0x00007ffac2d4b000 	C:\WINDOWS\SYSTEM32\dbgcore.DLL
0x00007ffad63d0000 - 0x00007ffad6478000 	C:\WINDOWS\System32\bcryptPrimitives.dll
0x00007ffad0e40000 - 0x00007ffad0e50000 	C:\Program Files (x86)\Java\jdk-26\bin\instrument.dll
0x00007ffab09f0000 - 0x00007ffab0a0f000 	C:\Program Files (x86)\Java\jdk-26\bin\java.dll
0x00007ffad7a10000 - 0x00007ffad7ba7000 	C:\WINDOWS\System32\ole32.dll
0x00007ffad8790000 - 0x00007ffad8efe000 	C:\WINDOWS\System32\SHELL32.dll
0x00007ffad6d40000 - 0x00007ffad75ac000 	C:\WINDOWS\System32\windows.storage.dll
0x00007ffad7720000 - 0x00007ffad7816000 	C:\WINDOWS\System32\SHCORE.dll
0x00007ffad7d90000 - 0x00007ffad7df6000 	C:\WINDOWS\System32\shlwapi.dll
0x00007ffad62f0000 - 0x00007ffad6319000 	C:\WINDOWS\SYSTEM32\profapi.dll
0x00007ffab08a0000 - 0x00007ffab08b7000 	C:\Program Files (x86)\Java\jdk-26\bin\zip.dll
0x00007ffab0950000 - 0x00007ffab0962000 	C:\Program Files (x86)\Java\jdk-26\bin\net.dll
0x00007ffad56d0000 - 0x00007ffad573c000 	C:\WINDOWS\system32\mswsock.dll
0x00007ffab08f0000 - 0x00007ffab0906000 	C:\Program Files (x86)\Java\jdk-26\bin\nio.dll
0x00007ffab0880000 - 0x00007ffab0889000 	C:\Program Files (x86)\Java\jdk-26\bin\extnet.dll
0x00007ffad59c0000 - 0x00007ffad59db000 	C:\WINDOWS\SYSTEM32\CRYPTSP.dll
0x00007ffad50c0000 - 0x00007ffad50f9000 	C:\WINDOWS\system32\rsaenh.dll
0x00007ffad5780000 - 0x00007ffad57b3000 	C:\WINDOWS\SYSTEM32\USERENV.dll
0x00007ffad62c0000 - 0x00007ffad62ea000 	C:\WINDOWS\SYSTEM32\bcrypt.dll
0x00007ffad59b0000 - 0x00007ffad59bc000 	C:\WINDOWS\SYSTEM32\CRYPTBASE.dll
0x00007ffad4bd0000 - 0x00007ffad4c02000 	C:\WINDOWS\SYSTEM32\IPHLPAPI.DLL
0x00007ffad9040000 - 0x00007ffad904a000 	C:\WINDOWS\System32\NSI.dll
0x00007ffad0e30000 - 0x00007ffad0e3a000 	C:\Program Files (x86)\Java\jdk-26\bin\management.dll
0x00007ffaac430000 - 0x00007ffaac43c000 	C:\Program Files (x86)\Java\jdk-26\bin\management_ext.dll
0x00007ffad8f40000 - 0x00007ffad8f48000 	C:\WINDOWS\System32\PSAPI.DLL
0x00007ffa473e0000 - 0x00007ffa475f1000 	C:\Users\pmitt\AppData\Local\Temp\idea_libasyncProfiler_dll_temp_folder6\libasyncProfiler.dll
0x00007ffa471f0000 - 0x00007ffa473d3000 	C:\Users\pmitt\AppData\Local\Temp\idea_dbghelp_dll_temp_folder1\dbghelp.dll

JVMTI agents:
C:\Program Files (x86)\IntelliJ IDEA Community Edition 2025.2\lib\idea_rt.jar path:C:\Program Files (x86)\Java\jdk-26\bin\instrument.dll, loaded, initialized, instrumentlib options:51679
C:\Users\pmitt\AppData\Local\Temp\idea_libasyncProfiler_dll_temp_folder6\libasyncProfiler.dll path:C:\Program Files (x86)\Java\jdk-26\bin\instrument.dll, loaded, initialized, dynamic options:start,jfr,event=wall,interval=10ms,jfrsync=profile,file=C:\Users\pmitt\IdeaSnapshots\GameServerApplication_2026_05_24_085826.jfr,log=C:\Users\pmitt\AppData\Local\Temp\GameServerApplication_2026_05_24_085826.jfr.log.txt,loglevel=DEBUG,dbghelppath=C:\Users\pmitt\AppData\Local\Temp\idea_dbghelp_dll_temp_folder1\dbghelp.dll

dbghelp: loaded successfully - version: 4.0.5 - missing functions: none
symbol engine: initialized successfully - sym options: 0x614 - pdb path: .;C:\Program Files (x86)\Java\jdk-26\bin;C:\WINDOWS\SYSTEM32;C:\Program Files\Avast Software\Avast;C:\WINDOWS\WinSxS\amd64_microsoft.windows.common-controls_6595b64144ccf1df_6.0.26100.8457_none_3e0b2faee331e92d;C:\Program Files (x86)\Java\jdk-26\bin\server;C:\Users\pmitt\AppData\Local\Temp\idea_libasyncProfiler_dll_temp_folder6;C:\Users\pmitt\AppData\Local\Temp\idea_dbghelp_dll_temp_folder1

VM Arguments:
jvm_args: --enable-preview -javaagent:C:\Program Files (x86)\IntelliJ IDEA Community Edition 2025.2\lib\idea_rt.jar=51679 -Dfile.encoding=UTF-8 -Dsun.stdout.encoding=UTF-8 -Dsun.stderr.encoding=UTF-8 
java_command: com.carofly.game_server.GameServerApplication
java_class_path (initial): C:\Users\pmitt\OneDrive\Documents\Carofly_Game_SB\game_server\target\classes;C:\Users\pmitt\.m2\repository\org\springframework\boot\spring-boot-h2console\4.0.5\spring-boot-h2console-4.0.5.jar;C:\Users\pmitt\.m2\repository\org\springframework\boot\spring-boot\4.0.5\spring-boot-4.0.5.jar;C:\Users\pmitt\.m2\repository\org\springframework\spring-core\7.0.6\spring-core-7.0.6.jar;C:\Users\pmitt\.m2\repository\org\springframework\spring-context\7.0.6\spring-context-7.0.6.jar;C:\Users\pmitt\.m2\repository\org\springframework\spring-aop\7.0.6\spring-aop-7.0.6.jar;C:\Users\pmitt\.m2\repository\org\springframework\spring-beans\7.0.6\spring-beans-7.0.6.jar;C:\Users\pmitt\.m2\repository\org\springframework\spring-expression\7.0.6\spring-expression-7.0.6.jar;C:\Users\pmitt\.m2\repository\io\micrometer\micrometer-observation\1.16.4\micrometer-observation-1.16.4.jar;C:\Users\pmitt\.m2\repository\io\micrometer\micrometer-commons\1.16.4\micrometer-commons-1.16.4.jar;C:\Users\pmitt\.m2\repository\jakarta\servlet\jakarta.servlet-api\6.1.0\jakarta.servlet-api-6.1.0.jar;C:\Users\pmitt\.m2\repository\org\springframework\boot\spring-boot-starter-data-jpa\4.0.5\spring-boot-starter-data-jpa-4.0.5.jar;C:\Users\pmitt\.m2\repository\org\springframework\boot\spring-boot-starter\4.0.5\spring-boot-starter-4.0.5.jar;C:\Users\pmitt\.m2\repository\org\springframework\boot\spring-boot-starter-logging\4.0.5\spring-boot-starter-logging-4.0.5.jar;C:\Users\pmitt\.m2\repository\ch\qos\logback\logback-classic\1.5.32\logback-classic-1.5.32.jar;C:\Users\pmitt\.m2\repository\ch\qos\logback\logback-core\1.5.32\logback-core-1.5.32.jar;C:\Users\pmitt\.m2\repository\org\apache\logging\log4j\log4j-to-slf4j\2.25.3\log4j-to-slf4j-2.25.3.jar;C:\Users\pmitt\.m2\repository\org\apache\logging\log4j\log4j-api\2.25.3\log4j-api-2.25.3.jar;C:\Users\pmitt\.m2\repository\org\slf4j\jul-to-slf4j\2.0.17\jul-to-slf4j-2.0.17.jar;C:\Users\pmitt\.m2\repository\org\springframework\boot\spring-boot-autoconfigure\4.0.5\spring-boot-autoconfigure-4.0.5.jar;C:\Users\pmitt\.m2\repository\jakarta\annotation\jakarta.annotation-api\3.0.0\jakarta.annotation-api-3.0.0.jar;C:\Users\pmitt\.m2\repository\org\yaml\snakeyaml\2.5\snakeyaml-2.5.jar;C:\Users\pmitt\.m2\repository\org\springframework\boot\spring-boot-starter-jdbc\4.0.5\spring-boot-starter-jdbc-4.0.5.jar;C:\Users\pmitt\.m2\repository\com\zaxxer\HikariCP\7.0.2\HikariCP-7.0.2.jar;C:\Users\pmitt\.m2\repository\org\springframework\boot\spring-boot-data-jpa\4.0.5\spring-boot-data-jpa-4.0.5.jar;C:\Users\pmitt\.m2\repository\org\springframework\boot\spring-boot-data-commons\4.0.5\spring-boot-data-commons-4.0.5.jar;C:\Users\pmitt\.m2\repository\org\springframework\boot\spring-boot-persistence\4.0.5\spring-boot-persistence-4.0.5.jar;C:\Users\pmitt\.m2\repository\org\springframework\data\spring-data-commons\4.0.4\spring-data-commons-4.0.4.jar;C:\Users\pmitt\.m2\repository\org\springframework\boot\spring-boot-hibernate\4.0.5\spring-boot-hibernate-4.0.5.jar;C:\Users\pmitt\.m2\repository\org\springframework\boot\spring-boot-jpa\4.0.5\spring-boot-jpa-4.0.5.jar;C:\Users\pmitt\.m2\repository\jakarta\persistence\jakarta.persistence-api\3.2.0\jakarta.persistence-api-3.2.0.jar;C:\Users\pmitt\.m2\repository\org\hibernate\orm\hibernate-core\7.2.7.Final\hibernate-core-7.2.7.Final.jar;C:\Users\pmitt\.m2\repository\jakarta\transaction\jakarta.transaction-api\2.0.1\jakarta.transaction-api-2.0.1.jar;C:\Users\pmitt\.m2\repository\org\jboss\logging\jboss-logging\3.6.3.Final\jboss-logging-3.6.3.Final.jar;C:\Users\pmitt\.m2\repository\org\hibernate\models\hibernate-models\1.0.1\hibernate-models-1.0.1.jar;C:\Users\pmitt\.m2\repository\com\fasterxml\classmate\1.7.3\classmate-1.7.3.jar;C:\Users\pmitt\.m2\repository\org\glassfish\jaxb\jaxb-runtime\4.0.6\jaxb-runtime-4.0.6.jar;C:\Users\pmitt\.m2\repository\org\glassfish\jaxb\jaxb-core\4.0.6\jaxb-core-4.0.6.jar;C:\Users\pmitt\.m2\repository\org\eclipse\angus\angus-activation\2.0.3\angus-activation-2.0.3.jar;C:\Users\pmitt\.m2\repository\org\glassfish\jaxb\txw2\4.0.6\txw2-4.0.6.jar;C:\Users\pmitt\.m2\repository\com\sun\istack\istack-commons-runtime\4.1.2\istack-commons-runtime-4.1.2.jar;C:\Users\pmitt\.m2\repository\jakarta\inject\jakarta.inject-api\2.0.1\jakarta.inject-api-2.0.1.jar;C:\Users\pmitt\.m2\repository\org\springframework\spring-orm\7.0.6\spring-orm-7.0.6.jar;C:\Users\pmitt\.m2\repository\org\springframework\data\spring-data-jpa\4.0.4\spring-data-jpa-4.0.4.jar;C:\Users\pmitt\.m2\repository\org\springframework\spring-tx\7.0.6\spring-tx-7.0.6.jar;C:\Users\pmitt\.m2\repository\org\antlr\antlr4-runtime\4.13.2\antlr4-runtime-4.13.2.jar;C:\Users\pmitt\.m2\repository\org\springframework\spring-aspects\7.0.6\spring-aspects-7.0.6.jar;C:\Users\pmitt\.m2\repository\org\aspectj\aspectjweaver\1.9.25.1\aspectjweaver-1.9.25.1.jar;C:\Users\pmitt\.m2\repository\org\springframework\boot\spring-boot-jdbc\4.0.5\spring-boot-jdbc-4.0.5.jar;C:\Users\pmitt\.m2\repository\org\springframework\boot\spring-boot-sql\4.0.5\spring-boot-sql-4.0.5.jar;C:\Users\pmitt\.m2\repository\org\springframework\boot\spring-boot-transaction\4.0.5\spring-boot-transaction-4.0.5.jar;C:\Users\pmitt\.m2\repository\org\springframework\spring-jdbc\7.0.6\spring-jdbc-7.0.6.jar;C:\Users\pmitt\.m2\repository\org\springframework\boot\spring-boot-starter-webclient\4.0.5\spring-boot-starter-webclient-4.0.5.jar;C:\Users\pmitt\.m2\repository\org\springframework\boot\spring-boot-starter-jackson\4.0.5\spring-boot-starter-jackson-4.0.5.jar;C:\Users\pmitt\.m2\repository\org\springframework\boot\spring-boot-jackson\4.0.5\spring-boot-jackson-4.0.5.jar;C:\Users\pmitt\.m2\repository\tools\jackson\core\jackson-databind\3.1.0\jackson-databind-3.1.0.jar;C:\Users\pmitt\.m2\repository\com\fasterxml\jackson\core\jackson-annotations\2.21\jackson-annotations-2.21.jar;C:\Users\pmitt\.m2\repository\tools\jackson\core\jackson-core\3.1.0\jackson-core-3.1.0.jar;C:\Users\pmitt\.m2\repository\org\springframework\boot\spring-boot-reactor\4.0.5\spring-boot-reactor-4.0.5.jar;C:\Users\pmitt\.m2\repository\io\projectreactor\reactor-core\3.8.4\reactor-core-3.8.4.jar;C:\Users\pmitt\.m2\repository\org\reactivestreams\reactive-streams\1.0.4\reactive-streams-1.0.4.jar;C:\Users\pmitt\.m2\repository\org\springframework\boot\spring-boot-webclient\4.0.5\spring-boot-webclient-4.0.5.jar;C:\Users\pmitt\.m2\repository\org\springframework\boot\spring-boot-http-client\4.0.5\spring-boot-http-client-4.0.5.jar;C:\Users\pmitt\.m2\repository\org\springframework\spring-webflux\7.0.6\spring-webflux-7.0.6.jar;C:\Users\pmitt\.m2\repository\org\springframework\boot\spring-boot-http-codec\4.0.5\spring-boot-http-codec-4.0.5.jar;C:\Users\pmitt\.m2\repository\io\projectreactor\netty\reactor-netty-http\1.3.4\reactor-netty-http-1.3.4.jar;C:\Users\pmitt\.m2\repository\io\netty\netty-codec-http2\4.2.12.Final\netty-codec-http2-4.2.12.Final.jar;C:\Users\pmitt\.m2\repository\io\netty\netty-codec-http3\4.2.12.Final\netty-codec-http3-4.2.12.Final.jar;C:\Users\pmitt\.m2\repository\io\netty\netty-codec-classes-quic\4.2.12.Final\netty-codec-classes-quic-4.2.12.Final.jar;C:\Users\pmitt\.m2\repository\io\netty\netty-codec-native-quic\4.2.12.Final\netty-codec-native-quic-4.2.12.Final-linux-x86_64.jar;C:\Users\pmitt\.m2\repository\io\netty\netty-codec-native-quic\4.2.12.Final\netty-codec-native-quic-4.2.12.Final-linux-aarch_64.jar;C:\Users\pmitt\.m2\repository\io\netty\netty-codec-native-quic\4.2.12.Final\netty-codec-native-quic-4.2.12.Final-osx-x86_64.jar;C:\Users\pmitt\.m2\repository\io\netty\netty-codec-native-quic\4.2.12.Final\netty-codec-native-quic-4.2.12.Final-osx-aarch_64.jar;C:\Users\pmitt\.m2\repository\io\netty\netty-codec-native-quic\4.2.12.Final\netty-codec-native-quic-4.2.12.Final-windows-x86_64.jar;C:\Users\pmitt\.m2\repository\io\netty\netty-resolver-dns\4.2.12.Final\netty-resolver-dns-4.2.12.Final.jar;C:\Users\pmitt\.m2\repository\io\netty\netty-codec-dns\4.2.12.Final\netty-codec-dns-4.2.12.Final.jar;C:\Users\pmitt\.m2\repository\io\netty\netty-resolver-dns-native-macos\4.2.12.Final\netty-resolver-dns-native-macos-4.2.12.Final-osx-x86_64.jar;C:\Users\pmitt\.m2\repository\io\netty\netty-resolver-dns-classes-macos\4.2.12.Final\netty-resolver-dns-classes-macos-4.2.12.Final.jar;C:\Users\pmitt\.m2\repository\io\netty\netty-transport-native-epoll\4.2.12.Final\netty-transport-native-epoll-4.2.12.Final-linux-x86_64.jar;C:\Users\pmitt\.m2\repository\io\netty\netty-transport-classes-epoll\4.2.12.Final\netty-transport-classes-epoll-4.2.12.Final.jar;C:\Users\pmitt\.m2\repository\io\projectreactor\netty\reactor-netty-core\1.3.4\reactor-netty-core-1.3.4.jar;C:\Users\pmitt\.m2\repository\io\netty\netty-handler-proxy\4.2.12.Final\netty-handler-proxy-4.2.12.Final.jar;C:\Users\pmitt\.m2\repository\io\netty\netty-codec-socks\4.2.12.Final\netty-codec-socks-4.2.12.Final.jar;C:\Users\pmitt\.m2\repository\org\springframework\boot\spring-boot-starter-webmvc\4.0.5\spring-boot-starter-webmvc-4.0.5.jar;C:\Users\pmitt\.m2\repository\org\springframework\boot\spring-boot-http-converter\4.0.5\spring-boot-http-converter-4.0.5.jar;C:\Users\pmitt\.m2\repository\org\springframework\spring-web\7.0.6\spring-web-7.0.6.jar;C:\Users\pmitt\.m2\repository\org\springframework\boot\spring-boot-webmvc\4.0.5\spring-boot-webmvc-4.0.5.jar;C:\Users\pmitt\.m2\repository\org\springframework\boot\spring-boot-servlet\4.0.5\spring-boot-servlet-4.0.5.jar;C:\Users\pmitt\.m2\repository\org\springframework\spring-webmvc\7.0.6\spring-webmvc-7.0.6.jar;C:\Users\pmitt\.m2\repository\com\h2database\h2\2.4.240\h2-2.4.240.jar;C:\Users\pmitt\.m2\repository\com\mysql\mysql-connector-j\9.6.0\mysql-connector-j-9.6.0.jar;C:\Users\pmitt\.m2\repository\org\projectlombok\lombok\1.18.44\lombok-1.18.44.jar;C:\Users\pmitt\.m2\repository\org\springframework\boot\spring-boot-web-server\4.0.5\spring-boot-web-server-4.0.5.jar;C:\Users\pmitt\.m2\repository\jakarta\xml\bind\jakarta.xml.bind-api\4.0.4\jakarta.xml.bind-api-4.0.4.jar;C:\Users\pmitt\.m2\repository\jakarta\activation\jakarta.activation-api\2.1.4\jakarta.activation-api-2.1.4.jar;C:\Users\pmitt\.m2\repository\net\bytebuddy\byte-buddy\1.17.8\byte-buddy-1.17.8.jar;C:\Users\pmitt\.m2\repository\org\springframework\boot\spring-boot-starter-webflux\4.0.5\spring-boot-starter-webflux-4.0.5.jar;C:\Users\pmitt\.m2\repository\org\springframework\boot\spring-boot-starter-reactor-netty\4.0.5\spring-boot-starter-reactor-netty-4.0.5.jar;C:\Users\pmitt\.m2\repository\org\springframework\boot\spring-boot-reactor-netty\4.0.5\spring-boot-reactor-netty-4.0.5.jar;C:\Users\pmitt\.m2\repository\org\springframework\boot\spring-boot-netty\4.0.5\spring-boot-netty-4.0.5.jar;C:\Users\pmitt\.m2\repository\org\springframework\boot\spring-boot-webflux\4.0.5\spring-boot-webflux-4.0.5.jar;C:\Users\pmitt\.m2\repository\com\google\firebase\firebase-admin\9.4.0\firebase-admin-9.4.0.jar;C:\Users\pmitt\.m2\repository\com\google\api-client\google-api-client\2.7.0\google-api-client-2.7.0.jar;C:\Users\pmitt\.m2\repository\commons-codec\commons-codec\1.19.0\commons-codec-1.19.0.jar;C:\Users\pmitt\.m2\repository\com\google\oauth-client\google-oauth-client\1.36.0\google-oauth-client-1.36.0.jar;C:\Users\pmitt\.m2\repository\com\google\auth\google-auth-library-credentials\1.23.0\google-auth-library-credentials-1.23.0.jar;C:\Users\pmitt\.m2\repository\com\google\http-client\google-http-client-gson\1.45.0\google-http-client-gson-1.45.0.jar;C:\Users\pmitt\.m2\repository\com\google\http-client\google-http-client-apache-v2\1.45.0\google-http-client-apache-v2-1.45.0.jar;C:\Users\pmitt\.m2\repository\org\apache\httpcomponents\httpcore\4.4.16\httpcore-4.4.16.jar;C:\Users\pmitt\.m2\repository\org\apache\httpcomponents\httpclient\4.5.14\httpclient-4.5.14.jar;C:\Users\pmitt\.m2\repository\com\google\api-client\google-api-client-gson\2.7.0\google-api-client-gson-2.7.0.jar;C:\Users\pmitt\.m2\repository\com\google\http-client\google-http-client\1.45.0\google-http-client-1.45.0.jar;C:\Users\pmitt\.m2\repository\com\google\code\findbugs\jsr305\3.0.2\jsr305-3.0.2.jar;C:\Users\pmitt\.m2\repository\com\google\errorprone\error_prone_annotations\2.30.0\error_prone_annotations-2.30.0.jar;C:\Users\pmitt\.m2\repository\com\google\j2objc\j2objc-annotations\3.0.0\j2objc-annotations-3.0.0.jar;C:\Users\pmitt\.m2\repository\io\grpc\grpc-context\1.66.0\grpc-context-1.66.0.jar;C:\Users\pmitt\.m2\repository\io\opencensus\opencensus-api\0.31.1\opencensus-api-0.31.1.jar;C:\Users\pmitt\.m2\repository\io\opencensus\opencensus-contrib-http-util\0.31.1\opencensus-contrib-http-util-0.31.1.jar;C:\Users\pmitt\.m2\repository\com\google\api\api-common\2.37.1\api-common-2.37.1.jar;C:\Users\pmitt\.m2\repository\com\google\auto\value\auto-value-annotations\1.11.0\auto-value-annotations-1.11.0.jar;C:\Users\pmitt\.m2\repository\javax\annotation\javax.annotation-api\1.3.2\javax.annotation-api-1.3.2.jar;C:\Users\pmitt\.m2\repository\com\google\auth\google-auth-library-oauth2-http\1.27.0\google-auth-library-oauth2-http-1.27.0.jar;C:\Users\pmitt\.m2\repository\com\google\cloud\google-cloud-storage\2.43.1\google-cloud-storage-2.43.1.jar;C:\Users\pmitt\.m2\repository\com\google\guava\failureaccess\1.0.2\failureaccess-1.0.2.jar;C:\Users\pmitt\.m2\repository\com\google\guava\listenablefuture\9999.0-empty-to-avoid-conflict-with-guava\listenablefuture-9999.0-empty-to-avoid-conflict-with-guava.jar;C:\Users\pmitt\.m2\repository\com\google\http-client\google-http-client-jackson2\1.45.0\google-http-client-jackson2-1.45.0.jar;C:\Users\pmitt\.m2\repository\com\google\apis\google-api-services-storage\v1-rev20240819-2.0.0\google-api-services-storage-v1-rev20240819-2.0.0.jar;C:\Users\pmitt\.m2\repository\com\google\code\gson\gson\2.13.2\gson-2.13.2.jar;C:\Users\pmitt\.m2\repository\com\google\cloud\google-cloud-core\2.44.1\google-cloud-core-2.44.1.jar;C:\Users\pmitt\.m2\repository\com\google\cloud\google-cloud-core-http\2.44.1\google-cloud-core-http-2.44.1.jar;C:\Users\pmitt\.m2\repository\com\google\http-client\google-http-client-appengine\1.45.0\google-http-client-appengine-1.45.0.jar;C:\Users\pmitt\.m2\repository\com\google\api\gax-httpjson\2.54.1\gax-httpjson-2.54.1.jar;C:\Users\pmitt\.m2\repository\com\google\cloud\google-cloud-core-grpc\2.44.1\google-cloud-core-grpc-2.44.1.jar;C:\Users\pmitt\.m2\repository\com\google\api\gax\2.54.1\gax-2.54.1.jar;C:\Users\pmitt\.m2\repository\com\google\api\gax-grpc\2.54.1\gax-grpc-2.54.1.jar;C:\Users\pmitt\.m2\repository\io\grpc\grpc-inprocess\1.68.0\grpc-inprocess-1.68.0.jar;C:\Users\pmitt\.m2\repository\io\grpc\grpc-alts\1.68.0\grpc-alts-1.68.0.jar;C:\Users\pmitt\.m2\repository\io\grpc\grpc-grpclb\1.68.0\grpc-grpclb-1.68.0.jar;C:\Users\pmitt\.m2\repository\org\conscrypt\conscrypt-openjdk-uber\2.5.2\conscrypt-openjdk-uber-2.5.2.jar;C:\Users\pmitt\.m2\repository\io\grpc\grpc-auth\1.68.0\grpc-auth-1.68.0.jar;C:\Users\pmitt\.m2\repository\com\google\api\grpc\proto-google-iam-v1\1.40.1\proto-google-iam-v1-1.40.1.jar;C:\Users\pmitt\.m2\repository\com\google\protobuf\protobuf-java\3.25.5\protobuf-java-3.25.5.jar;C:\Users\pmitt\.m2\repository\com\google\protobuf\protobuf-java-util\3.25.5\protobuf-java-util-3.25.5.jar;C:\Users\pmitt\.m2\repository\io\grpc\grpc-core\1.68.0\grpc-core-1.68.0.jar;C:\Users\pmitt\.m2\repository\com\google\android\annotations\4.1.1.4\annotations-4.1.1.4.jar;C:\Users\pmitt\.m2\repository\org\codehaus\mojo\animal-sniffer-annotations\1.24\animal-sniffer-annotations-1.24.jar;C:\Users\pmitt\.m2\repository\io\perfmark\perfmark-api\0.27.0\perfmark-api-0.27.0.jar;C:\Users\pmitt\.m2\repository\io\grpc\grpc-protobuf\1.68.0\grpc-protobuf-1.68.0.jar;C:\Users\pmitt\.m2\repository\io\grpc\grpc-protobuf-lite\1.68.0\grpc-protobuf-lite-1.68.0.jar;C:\Users\pmitt\.m2\repository\com\google\api\grpc\proto-google-common-protos\2.45.1\proto-google-common-protos-2.45.1.jar;C:\Users\pmitt\.m2\repository\org\threeten\threetenbp\1.7.0\threetenbp-1.7.0.jar;C:\Users\pmitt\.m2\repository\com\google\api\grpc\proto-google-cloud-storage-v2\2.43.1-beta\proto-google-cloud-storage-v2-2.43.1-beta.jar;C:\Users\pmitt\.m2\repository\com\google\api\grpc\grpc-google-cloud-storage-v2\2.43.1-beta\grpc-google-cloud-storage-v2-2.43.1-beta.jar;C:\Users\pmitt\.m2\repository\com\google\api\grpc\gapic-google-cloud-storage-v2\2.43.1-beta\gapic-google-cloud-storage-v2-2.43.1-beta.jar;C:\Users\pmitt\.m2\repository\io\opentelemetry\opentelemetry-sdk\1.55.0\opentelemetry-sdk-1.55.0.jar;C:\Users\pmitt\.m2\repository\io\opentelemetry\opentelemetry-sdk-trace\1.55.0\opentelemetry-sdk-trace-1.55.0.jar;C:\Users\pmitt\.m2\repository\io\opentelemetry\opentelemetry-sdk-logs\1.55.0\opentelemetry-sdk-logs-1.55.0.jar;C:\Users\pmitt\.m2\repository\io\grpc\grpc-opentelemetry\1.68.0\grpc-opentelemetry-1.68.0.jar;C:\Users\pmitt\.m2\repository\io\opentelemetry\opentelemetry-api\1.55.0\opentelemetry-api-1.55.0.jar;C:\Users\pmitt\.m2\repository\io\opentelemetry\opentelemetry-context\1.55.0\opentelemetry-context-1.55.0.jar;C:\Users\pmitt\.m2\repository\io\opentelemetry\opentelemetry-common\1.55.0\opentelemetry-common-1.55.0.jar;C:\Users\pmitt\.m2\repository\io\opentelemetry\opentelemetry-sdk-metrics\1.55.0\opentelemetry-sdk-metrics-1.55.0.jar;C:\Users\pmitt\.m2\repository\io\opentelemetry\opentelemetry-api-incubator\1.42.1-alpha\opentelemetry-api-incubator-1.42.1-alpha.jar;C:\Users\pmitt\.m2\repository\io\opentelemetry\opentelemetry-sdk-common\1.55.0\opentelemetry-sdk-common-1.55.0.jar;C:\Users\pmitt\.m2\repository\io\opentelemetry\opentelemetry-sdk-extension-autoconfigure-spi\1.55.0\opentelemetry-sdk-extension-autoconfigure-spi-1.55.0.jar;C:\Users\pmitt\.m2\repository\io\opentelemetry\semconv\opentelemetry-semconv\1.25.0-alpha\opentelemetry-semconv-1.25.0-alpha.jar;C:\Users\pmitt\.m2\repository\com\google\cloud\opentelemetry\exporter-metrics\0.31.0\exporter-metrics-0.31.0.jar;C:\Users\pmitt\.m2\repository\com\google\cloud\google-cloud-monitoring\3.31.0\google-cloud-monitoring-3.31.0.jar;C:\Users\pmitt\.m2\repository\com\google\api\grpc\proto-google-cloud-monitoring-v3\3.31.0\proto-google-cloud-monitoring-v3-3.31.0.jar;C:\Users\pmitt\.m2\repository\io\opencensus\opencensus-proto\0.2.0\opencensus-proto-0.2.0.jar;C:\Users\pmitt\.m2\repository\commons-logging\commons-logging\1.3.6\commons-logging-1.3.6.jar;C:\Users\pmitt\.m2\repository\com\google\cloud\opentelemetry\shared-resourcemapping\0.32.0\shared-resourcemapping-0.32.0.jar;C:\Users\pmitt\.m2\repository\io\opentelemetry\contrib\opentelemetry-gcp-resources\1.37.0-alpha\opentelemetry-gcp-resources-1.37.0-alpha.jar;C:\Users\pmitt\.m2\repository\com\google\cloud\opentelemetry\detector-resources-support\0.32.0\detector-resources-support-0.32.0.jar;C:\Users\pmitt\.m2\repository\org\checkerframework\checker-qual\3.47.0\checker-qual-3.47.0.jar;C:\Users\pmitt\.m2\repository\com\fasterxml\jackson\core\jackson-core\2.21.2\jackson-core-2.21.2.jar;C:\Users\pmitt\.m2\repository\io\grpc\grpc-api\1.68.0\grpc-api-1.68.0.jar;C:\Users\pmitt\.m2\repository\io\grpc\grpc-netty-shaded\1.68.0\grpc-netty-shaded-1.68.0.jar;C:\Users\pmitt\.m2\repository\io\grpc\grpc-util\1.68.0\grpc-util-1.68.0.jar;C:\Users\pmitt\.m2\repository\io\grpc\grpc-stub\1.68.0\grpc-stub-1.68.0.jar;C:\Users\pmitt\.m2\repository\io\grpc\grpc-googleapis\1.68.0\grpc-googleapis-1.68.0.jar;C:\Users\pmitt\.m2\repository\io\grpc\grpc-xds\1.68.0\grpc-xds-1.68.0.jar;C:\Users\pmitt\.m2\repository\io\grpc\grpc-services\1.68.0\grpc-services-1.68.0.jar;C:\Users\pmitt\.m2\repository\com\google\re2j\re2j\1.7\re2j-1.7.jar;C:\Users\pmitt\.m2\repository\io\grpc\grpc-rls\1.68.0\grpc-rls-1.68.0.jar;C:\Users\pmitt\.m2\repository\com\google\cloud\google-cloud-firestore\3.26.5\google-cloud-firestore-3.26.5.jar;C:\Users\pmitt\.m2\repository\com\google\api\grpc\proto-google-cloud-firestore-v1\3.26.5\proto-google-cloud-firestore-v1-3.26.5.jar;C:\Users\pmitt\.m2\repository\com\google\cloud\proto-google-cloud-firestore-bundle-v1\3.26.5\proto-google-cloud-firestore-bundle-v1-3.26.5.jar;C:\Users\pmitt\.m2\repository\io\opentelemetry\instrumentation\opentelemetry-grpc-1.6\2.1.0-alpha\opentelemetry-grpc-1.6-2.1.0-alpha.jar;C:\Users\pmitt\.m2\repository\io\opentelemetry\instrumentation\opentelemetry-instrumentation-api\2.1.0\opentelemetry-instrumentation-api-2.1.0.jar;C:\Users\pmitt\.m2\repository\io\opentelemetry\opentelemetry-extension-incubator\1.35.0-alpha\opentelemetry-extension-incubator-1.35.0-alpha.jar;C:\Users\pmitt\.m2\repository\io\opentelemetry\instrumentation\opentelemetry-instrumentation-api-incubator\2.1.0-alpha\opentelemetry-instrumentation-api-incubator-2.1.0-alpha.jar;C:\Users\pmitt\.m2\repository\com\google\guava\guava\33.3.0-jre\guava-33.3.0-jre.jar;C:\Users\pmitt\.m2\repository\org\slf4j\slf4j-api\2.0.17\slf4j-api-2.0.17.jar;C:\Users\pmitt\.m2\repository\io\netty\netty-codec-http\4.2.12.Final\netty-codec-http-4.2.12.Final.jar;C:\Users\pmitt\.m2\repository\io\netty\netty-common\4.2.12.Final\netty-common-4.2.12.Final.jar;C:\Users\pmitt\.m2\repository\io\netty\netty-buffer\4.2.12.Final\netty-buffer-4.2.12.Final.jar;C:\Users\pmitt\.m2\repository\io\netty\netty-codec-base\4.2.12.Final\netty-codec-base-4.2.12.Final.jar;C:\Users\pmitt\.m2\repository\io\netty\netty-codec-compression\4.2.12.Final\netty-codec-compression-4.2.12.Final.jar;C:\Users\pmitt\.m2\repository\io\netty\netty-handler\4.2.12.Final\netty-handler-4.2.12.Final.jar;C:\Users\pmitt\.m2\repository\io\netty\netty-resolver\4.2.12.Final\netty-resolver-4.2.12.Final.jar;C:\Users\pmitt\.m2\repository\io\netty\netty-transport-native-unix-common\4.2.12.Final\netty-transport-native-unix-common-4.2.12.Final.jar;C:\Users\pmitt\.m2\repository\io\netty\netty-transport\4.2.12.Final\netty-transport-4.2.12.Final.jar;C:\Users\pmitt\.m2\repository\org\apache\httpcomponents\client5\httpclient5\5.5.2\httpclient5-5.5.2.jar;C:\Users\pmitt\.m2\repository\org\apache\httpcomponents\core5\httpcore5\5.3.6\httpcore5-5.3.6.jar;C:\Users\pmitt\.m2\repository\org\apache\httpcomponents\core5\httpcore5-h2\5.3.6\httpcore5-h2-5.3.6.jar;C:\Users\pmitt\.m2\repository\org\mock-server\mockserver-junit-rule-no-dependencies\5.14.0\mockserver-junit-rule-no-dependencies-5.14.0.jar;C:\Users\pmitt\.m2\repository\org\springframework\boot\spring-boot-starter-cache\4.0.5\spring-boot-starter-cache-4.0.5.jar;C:\Users\pmitt\.m2\repository\org\springframework\boot\spring-boot-cache\4.0.5\spring-boot-cache-4.0.5.jar;C:\Users\pmitt\.m2\repository\org\springframework\spring-context-support\7.0.6\spring-context-support-7.0.6.jar;C:\Users\pmitt\.m2\repository\org\springframework\boot\spring-boot-starter-web\4.0.5\spring-boot-starter-web-4.0.5.jar;C:\Users\pmitt\.m2\repository\org\jspecify\jspecify\1.0.0\jspecify-1.0.0.jar
Launcher Type: SUN_STANDARD

[Global flags]
     bool AOTAdapterCaching                        = false                                  {diagnostic} {ergonomic}
     bool AOTInvokeDynamicLinking                  = false                                  {diagnostic} {ergonomic}
     bool AOTRecordTraining                        = false                                  {diagnostic} {ergonomic}
     bool AOTReplayTraining                        = false                                  {diagnostic} {ergonomic}
     bool AOTStubCaching                           = false                                  {diagnostic} {ergonomic}
     intx CICompilerCount                          = 12                                        {product} {ergonomic}
     uint ConcGCThreads                            = 3                                         {product} {ergonomic}
     bool FlightRecorder                           = true                                      {product} {management}
     uint G1ConcRefinementThreads                  = 13                                        {product} {ergonomic}
     uint G1EagerReclaimRemSetThreshold            = 16                                   {experimental} {ergonomic}
   size_t G1HeapRegionSize                         = 2097152                                   {product} {ergonomic}
     uint G1RemSetArrayOfCardsEntries              = 16                                   {experimental} {ergonomic}
     uint G1RemSetHowlMaxNumBuckets                = 8                                    {experimental} {ergonomic}
     uint G1RemSetHowlNumBuckets                   = 8                                    {experimental} {ergonomic}
   size_t InitialHeapSize                          = 8388608                                   {product} {ergonomic}
     bool IntelJccErratumMitigation                = false                             {ARCH diagnostic} {ergonomic}
   size_t MarkStackSize                            = 4194304                                   {product} {ergonomic}
   size_t MarkStackSizeMax                         = 536870912                                 {product} {ergonomic}
   size_t MaxHeapSize                              = 4198498304                                {product} {ergonomic}
   size_t MaxNewSize                               = 2518679552                                {product} {ergonomic}
 uint64_t MaxRAM                                   = 16786563072                               {product} {ergonomic}
   size_t MinHeapDeltaBytes                        = 2097152                                   {product} {ergonomic}
   size_t MinHeapSize                              = 8388608                                   {product} {ergonomic}
   size_t NonNMethodCodeHeapSize                   = 7602176                                {pd product} {ergonomic}
   size_t NonProfiledCodeHeapSize                  = 122093568                              {pd product} {ergonomic}
   size_t ProfiledCodeHeapSize                     = 121962496                              {pd product} {ergonomic}
   size_t ReservedCodeCacheSize                    = 251658240                              {pd product} {ergonomic}
     bool SegmentedCodeCache                       = true                                      {product} {ergonomic}
   size_t SoftMaxHeapSize                          = 4198498304                             {manageable} {ergonomic}
     bool UseCompressedOops                        = true                           {product lp64_product} {ergonomic}
     bool UseCondCardMark                          = true                                      {product} {ergonomic}
     bool UseFastUnorderedTimeStamps               = true                                 {experimental} {ergonomic}
     bool UseG1GC                                  = true                                      {product} {ergonomic}
     bool UseLargePagesIndividualAllocation        = false                                  {pd product} {ergonomic}
      int X86ICacheSync                            = 3                                 {ARCH diagnostic} {ergonomic}

Logging:
Log output configuration:
 #0: stdout all=warning uptime,level,tags foldmultilines=false
 #1: stderr all=off uptime,level,tags foldmultilines=false

Release file:
IMPLEMENTOR="Oracle Corporation" 
JAVA_RUNTIME_VERSION="26+35-2893" 
JAVA_VERSION="26" 
JAVA_VERSION_DATE="2026-03-17" 
LIBC="default" 
MODULES="java.base java.compiler java.datatransfer java.xml java.prefs java.desktop java.instrument java.logging java.management java.security.sasl java.naming java.rmi java.management.rmi java.net.http java.scripting java.security.jgss java.transaction.xa java.sql java.sql.rowset java.xml.crypto java.se java.smartcardio jdk.accessibility jdk.internal.jvmstat jdk.attach jdk.charsets jdk.internal.opt jdk.zipfs jdk.compiler jdk.crypto.cryptoki jdk.crypto.ec jdk.crypto.mscapi jdk.dynalink jdk.internal.ed jdk.editpad jdk.internal.vm.ci jdk.graal.compiler jdk.graal.compiler.management jdk.hotspot.agent jdk.httpserver jdk.incubator.vector jdk.internal.le jdk.internal.md jdk.jartool jdk.javadoc jdk.jcmd jdk.management jdk.management.agent jdk.jconsole jdk.jdeps jdk.jdwp.agent jdk.jdi jdk.jfr jdk.jlink jdk.jpackage jdk.jshell jdk.jstatd jdk.localedata jdk.management.jfr jdk.naming.dns jdk.naming.rmi jdk.net jdk.nio.mapmode jdk.sctp jdk.security.auth jdk.security.jgss jdk.unsupported jdk.unsupported.desktop jdk.xml.dom" 
OS_ARCH="x86_64" 
OS_NAME="Windows" 
SOURCE=".:git:4408cd2a07a1" 

Environment Variables:
JAVA_HOME=C:\Program Files (x86)\Java\jdk-26\bin;C:\Program Files\Java\jdk-25;C:\Program Files\Java\jdk-17;C:\jython2.7.4\bin;C:\Program Files\Java\jdk-17\bin;C:\Program Files (x86)\Java\openlogic-openjdk-11.0.24+8-windows-x64;C:\Program Files (x86)\Java\jdk-11.0.0.2\bin;C:\Program Files\Java\jdk-25\bin;C:\Program Files\Java\jdk-17;C:\Program Files\Java\jdk-22;
PATH=C:\Program Files (x86)\Java\jdk-26\bin;C:\Python314\Scripts\;C:\Python314\;C:\Program Files\Java\jdk-17;C:\jython2.7.4\bin;C:\Program Files\Java\jdk-17;C:\Program Files (x86)\Java\openlogic-openjdk-11.0.24+8-windows-x64;C:\Program Files (x86)\Java\jdk-11.0.0.2\bin;C:\Program Files\Java\jdk-25\bin;C:\Program Files\Common Files\Oracle\Java\javapath;C:\Program Files (x86)\Common Files\Oracle\Java\java8path;C:\Program Files (x86)\Common Files\Oracle\Java\javapath;C:\Python312\Scripts\;C:\Python312\;C:\WINDOWS\system32;C:\WINDOWS;C:\WINDOWS\System32\Wbem;C:\WINDOWS\System32\WindowsPowerShell\v1.0\;C:\WINDOWS\System32\OpenSSH\;C:\ProgramData\chocolatey\bin;C:\Program Files\Git\cmd;%MAVEN_HOME%;C:\Program Files\dotnet\;%RELAY_HOME%;C:\Users\pmitt\.jdks\openjdk-22.0.2;C:\Program Files (x86)\Java\jdk 17\bin;C:\Program Files (x86)\sbt\bin;C:\Program Files\nodejs\;C:\Program Files (x86)\Windows Kits\10\Windows Performance Toolkit\;C:\Program Files (x86)\Java\jdk-26\bin;C:\Program Files (x86)\Java\jdk-25\bin;C:\Program Files\Java\jdk-17;C:\jython2.7.4\bin;C:\Program Files (x86)\sbt\bin;C:\Program Files (x86)\Java\jdk 17\bin;C:\Program Files (x86)\Java\openlogic-openjdk-11.0.24+8-windows-x64;C:\Program Files (x86)\Java\jdk-11.0.0.2\bin;C:\Users\pmitt\AppData\Local\Microsoft\WindowsApps;C:\Program Files\Java\jdk-17;C:\jython2.7.4\bin;C:\Program Files (x86)\Java\jdk-26\bin;C:\Program Files (x86)\Java\jdk 17;C:\Program Files (x86)\Java\openlogic-openjdk-11.0.24+8-windows-x64;C:\Program Files (x86)\Java\jdk-11.0.0.2\bin;C:\Users\pmitt\IntelliJ IDEA 2024.2.2\bin;;C:\Users\pmitt\AppData\Local\Programs\Microsoft VS Code\bin;C:\Users\pmitt\OneDrive\Documents\flutter_windows_3.22.3-stable\flutter\bin;C:\flutter_windows_3.22.3-stable\flutter\bin;C:\Users\pmitt\apache-maven-3.9.9\bin;C:\Users\pmitt\AppData\Local\Muse Hub\lib;D:\Documents\relay_android_studio\bin;C:\Users\pmitt\.jdks\openjdk-22.0.2;C:\Program Files\Java\jdk-17\bin;C:\Program Files\Java\jdk-17;C:\Users\pmitt\AppData\Local\Programs\Antigravity\bin;C:\Program Files (x86)\DataGrip 2026.1\bin;C:\Users\pmitt\AppData\Roaming\npm;
USERNAME=pmitt
OS=Windows_NT
PROCESSOR_IDENTIFIER=Intel64 Family 6 Model 186 Stepping 2, GenuineIntel
TMP=C:\Users\pmitt\AppData\Local\Temp
TEMP=C:\Users\pmitt\AppData\Local\Temp




Compilation memory statistics disabled.

Periodic native trim disabled

---------------  S Y S T E M  ---------------

OS:
 Windows 11 , 64 bit Build 26100 (10.0.26100.8328)
OS uptime: 0 days 17:08 hours
Hyper-V role detected

CPU: total 16 (initial active 16) (hybrid) family 6 model 186 stepping 2 microcode 0x410e, cx8, cmov, fxsr, ht, mmx, 3dnowpref, sse, sse2, sse3, ssse3, sse4.1, sse4.2, popcnt, lzcnt, tsc, tscinvbit, avx, avx2, aes, erms, clmul, bmi1, bmi2, adx, sha, fma, vzeroupper, clflush, clflushopt, clwb, hv, serialize, rdtscp, rdpid, fsrm, gfni, f16c, cet_ibt, cet_ss, hybrid
Processor Information for processor 0
  Max Mhz: 2600, Current Mhz: 2600, Mhz Limit: 2600
Processor Information for processor 1
  Max Mhz: 2600, Current Mhz: 2600, Mhz Limit: 2600
Processor Information for processor 2
  Max Mhz: 2600, Current Mhz: 2600, Mhz Limit: 2600
Processor Information for processor 3
  Max Mhz: 2600, Current Mhz: 2600, Mhz Limit: 2600
Processor Information for processor 4
  Max Mhz: 2600, Current Mhz: 2600, Mhz Limit: 2600
Processor Information for processor 5
  Max Mhz: 2600, Current Mhz: 2600, Mhz Limit: 2600
Processor Information for processor 6
  Max Mhz: 2600, Current Mhz: 2600, Mhz Limit: 2600
Processor Information for processor 7
  Max Mhz: 2600, Current Mhz: 2600, Mhz Limit: 2600
Processor Information for processor 8
  Max Mhz: 2600, Current Mhz: 1505, Mhz Limit: 2600
Processor Information for processor 9
  Max Mhz: 2600, Current Mhz: 2600, Mhz Limit: 2600
Processor Information for processor 10
  Max Mhz: 2600, Current Mhz: 2600, Mhz Limit: 2600
Processor Information for processor 11
  Max Mhz: 2600, Current Mhz: 1505, Mhz Limit: 2600
Processor Information for processor 12
  Max Mhz: 2600, Current Mhz: 1505, Mhz Limit: 2600
Processor Information for processor 13
  Max Mhz: 2600, Current Mhz: 2600, Mhz Limit: 2600
Processor Information for processor 14
  Max Mhz: 2600, Current Mhz: 2600, Mhz Limit: 2600
Processor Information for processor 15
  Max Mhz: 2600, Current Mhz: 1505, Mhz Limit: 2600

Memory: 4k page, system-wide physical 16008M (1862M free)
TotalPageFile size 33015M (AvailPageFile size 4589M)
current process WorkingSet (physical memory assigned to process): 271M, peak: 302M
current process commit charge ("private bytes"): 359M, peak: 409M

vm_info: OpenJDK 64-Bit Server VM (26+35-2893) for windows-amd64 JRE (26+35-2893), built on 2026-02-12T17:04:02Z with MS VC++ 17.13 (VS2022)

END.
